 py_rdb_test

 Timestamp is 5c2076ff (Mon Dec 24 14:04:47 2018)

 Preferred load address is 00400000

 Start         Length     Name                   Class
 0001:00000000 0004601dH .text                   CODE
 0001:0004601d 0001bb03H .textbss                CODE
 0002:00000000 00003db4H .rdata                  DATA
 0002:00003db4 00000000H .edata                  DATA
 0003:00000000 00000104H .CRT$XCA                DATA
 0003:00000104 00000104H .CRT$XCZ                DATA
 0003:00000208 00000104H .CRT$XIA                DATA
 0003:0000030c 00000109H .CRT$XIC                DATA
 0003:00000418 00000104H .CRT$XIZ                DATA
 0003:0000051c 00000104H .CRT$XPA                DATA
 0003:00000620 00000104H .CRT$XPX                DATA
 0003:00000724 00000104H .CRT$XPZ                DATA
 0003:00000828 00000104H .CRT$XTA                DATA
 0003:0000092c 00000104H .CRT$XTZ                DATA
 0003:00000a30 00003caaH .data                   DATA
 0003:000046e0 0003243cH .bss                    DATA
 0004:00000000 00000050H .idata$2                DATA
 0004:00000050 00000014H .idata$3                DATA
 0004:00000064 000002d8H .idata$4                DATA
 0004:0000033c 000002d8H .idata$5                DATA
 0004:00000614 000009f6H .idata$6                DATA

  Address         Publics by Value              Rva+Base     Lib:Object

 0001:00000010       _main                      00401010 f   db_test.obj
 0001:00000520       _GetH9000ErrorId           00401520 f   dblib:MountDB.obj
 0001:00000550       _CheckHostLicenseValid     00401550 f   dblib:MountDB.obj
 0001:00000590       _GetAnaPtLmtValid          00401590 f   dblib:MountDB.obj
 0001:000005e0       _GetAnaPtLmtValue          004015e0 f   dblib:MountDB.obj
 0001:000007a0       _GetAnaPtLmtStr            004017a0 f   dblib:MountDB.obj
 0001:000009d0       _GetHostLicenseInfo        004019d0 f   dblib:MountDB.obj
 0001:00000c90       _GetMountInfo              00401c90 f   dblib:MountDB.obj
 0001:00000d80       _CheckDBVersion            00401d80 f   dblib:MountDB.obj
 0001:00000e10       _MountDB                   00401e10 f   dblib:MountDB.obj
 0001:00000e60       _UnMountDB                 00401e60 f   dblib:MountDB.obj
 0001:00000ec0       _MountDBFile               00401ec0 f   dblib:MountDB.obj
 0001:000011e0       _CreateMapFile             004021e0 f   dblib:MountDB.obj
 0001:00001250       _MapFile                   00402250 f   dblib:MountDB.obj
 0001:000012c0       _MapView                   004022c0 f   dblib:MountDB.obj
 0001:00001320       _OpenMap                   00402320 f   dblib:MountDB.obj
 0001:00001380       _MountFile                 00402380 f   dblib:MountDB.obj
 0001:00001550       _UnMountFile               00402550 f   dblib:MountDB.obj
 0001:000015b0       _InitNewDatabaseRtValue    004025b0 f   dblib:MountDB.obj
 0001:00001fe0       _UpdateDatabaseFile        00402fe0 f   dblib:MountDB.obj
 0001:000023d0       _GetDBName                 004033d0 f   dblib:ReadDatabase.obj
 0001:00002470       _GetDBLongname             00403470 f   dblib:ReadDatabase.obj
 0001:00002510       _GetDBVersion              00403510 f   dblib:ReadDatabase.obj
 0001:000025b0       _GetStationNum             004035b0 f   dblib:ReadDatabase.obj
 0001:00002640       _GetStnIdByIndex           00403640 f   dblib:ReadDatabase.obj
 0001:00002730       _GetStnIndexById           00403730 f   dblib:ReadDatabase.obj
 0001:00002850       _GetStnNameById            00403850 f   dblib:ReadDatabase.obj
 0001:000029d0       _GetStnLongnameById        004039d0 f   dblib:ReadDatabase.obj
 0001:00002a30       _GetStnCommentById         00403a30 f   dblib:ReadDatabase.obj
 0001:00002a90       _GetStnIdByName            00403a90 f   dblib:ReadDatabase.obj
 0001:00002bf0       _GetStnIdByEntryName       00403bf0 f   dblib:ReadDatabase.obj
 0001:00002c40       _GetStnTypeById            00403c40 f   dblib:ReadDatabase.obj
 0001:00002c90       _GetStnSysLcuIdById        00403c90 f   dblib:ReadDatabase.obj
 0001:00002ce0       _GetGroupNumById           00403ce0 f   dblib:ReadDatabase.obj
 0001:00002d30       _GetGroupNameById          00403d30 f   dblib:ReadDatabase.obj
 0001:00002e60       _GetGroupLongnameById      00403e60 f   dblib:ReadDatabase.obj
 0001:00002f90       _GetGroupCommentById       00403f90 f   dblib:ReadDatabase.obj
 0001:000030f0       _GetGroupIdByName          004040f0 f   dblib:ReadDatabase.obj
 0001:00003250       _GetGroupTypeNameById      00404250 f   dblib:ReadDatabase.obj
 0001:00003350       _GetGroupSysLcuFlagById    00404350 f   dblib:ReadDatabase.obj
 0001:00003470       _GetLcuIoGroupCommentById  00404470 f   dblib:ReadDatabase.obj
 0001:00003650       _GetLcuIoGroupNumById      00404650 f   dblib:ReadDatabase.obj
 0001:00003750       _GetLcuIoGroupInfoByIndex  00404750 f   dblib:ReadDatabase.obj
 0001:000038e0       _GetLcuIoGroupInfoById     004048e0 f   dblib:ReadDatabase.obj
 0001:00003ac0       _SetLcuIoGroupStatusById   00404ac0 f   dblib:ReadDatabase.obj
 0001:00003c90       _GetRecordNumById          00404c90 f   dblib:ReadDatabase.obj
 0001:00003db0       _GetRecNameByType          00404db0 f   dblib:ReadDatabase.obj
 0001:00003e50       _GetRecLongnameByType      00404e50 f   dblib:ReadDatabase.obj
 0001:00003ef0       _GetRecTypeByName          00404ef0 f   dblib:ReadDatabase.obj
 0001:00003f90       _GetEntryNumById           00404f90 f   dblib:ReadDatabase.obj
 0001:00004210       _GetRecTypeByOffset        00405210 f   dblib:ReadDatabase.obj
 0001:000043f0       _GetEntryNumByRecOffset    004053f0 f   dblib:ReadDatabase.obj
 0001:00004460       _IsPointExist              00405460 f   dblib:ReadDatabase.obj
 0001:000045b0       _GetPtIdByNameStr          004055b0 f   dblib:ReadDatabase.obj
 0001:00004a70       _GetCommonPtrById          00405a70 f   dblib:ReadDatabase.obj
 0001:00004d00       _GetCommonPtrByNameStr     00405d00 f   dblib:ReadDatabase.obj
 0001:00005410       _GetEntryIdByName          00406410 f   dblib:ReadDatabase.obj
 0001:00005630       _ReadEntryById             00406630 f   dblib:ReadDatabase.obj
 0001:00005f60       _ReadEntryByNameStr        00406f60 f   dblib:ReadDatabase.obj
 0001:00006d10       _IsIndTypePoint            00407d10 f   dblib:dms_util.obj
 0001:00006d70       _IsAnaTypePoint            00407d70 f   dblib:dms_util.obj
 0001:00006dd0       _AnlgDatatoFloat           00407dd0 f   dblib:dms_util.obj
 0001:00006e10       _FloattoAnlgData           00407e10 f   dblib:dms_util.obj
 0001:00006e50       _IsPrimeNumber             00407e50 f   dblib:dms_util.obj
 0001:00006ef0       _FindLastPrimeNumber       00407ef0 f   dblib:dms_util.obj
 0001:00006f60       _GetNameStrHash            00407f60 f   dblib:dms_util.obj
 0001:00006fe0       _PointNametoStr            00407fe0 f   dblib:dms_util.obj
 0001:00007080       _StrtoPointName            00408080 f   dblib:dms_util.obj
 0001:00007310       _GetPtIdFromStr            00408310 f   dblib:dms_util.obj
 0001:00007410       _CrossCopy                 00408410 f   dblib:dms_util.obj
 0001:00007460       _AsciiToHex                00408460 f   dblib:dms_util.obj
 0001:000075f0       _GetSysTime                004085f0 f   dblib:dms_util.obj
 0001:00007670       _GetSysTimeEx              00408670 f   dblib:dms_util.obj
 0001:00007770       _GetSysTimeStr             00408770 f   dblib:dms_util.obj
 0001:00007800       _GetSysShortTimeStr        00408800 f   dblib:dms_util.obj
 0001:00007870       _PrintfWithCurrTime        00408870 f   dblib:dms_util.obj
 0001:000078d0       _PrintfWithCurrShortTime   004088d0 f   dblib:dms_util.obj
 0001:00007930       _GetStringsFromStr         00408930 f   dblib:dms_util.obj
 0001:00007d00       _GetEntryNameById          00408d00 f   dblib:ReadPoint.obj
 0001:00007d60       _GetEntryLongnameById      00408d60 f   dblib:ReadPoint.obj
 0001:00007dc0       _GetEntryLongnameByNameStr 00408dc0 f   dblib:ReadPoint.obj
 0001:00007e20       _GetPtNameById             00408e20 f   dblib:ReadPoint.obj
 0001:00007f00       _GetPtLongnameById         00408f00 f   dblib:ReadPoint.obj
 0001:00007fd0       _GetPtLongnameByNameStr    00408fd0 f   dblib:ReadPoint.obj
 0001:000080c0       _GetPtCmdMsgSelById        004090c0 f   dblib:ReadPoint.obj
 0001:00008120       _GetPtCmdMsgSelByNameStr   00409120 f   dblib:ReadPoint.obj
 0001:00008180       _GetPtAlmMsgSelById        00409180 f   dblib:ReadPoint.obj
 0001:000081e0       _GetPtAlmMsgSelByNameStr   004091e0 f   dblib:ReadPoint.obj
 0001:00008240       _GetPtHardAddrById         00409240 f   dblib:ReadPoint.obj
 0001:000082a0       _GetPtHardAddrByNameStr    004092a0 f   dblib:ReadPoint.obj
 0001:00008300       _GetPtCtrlAddrById         00409300 f   dblib:ReadPoint.obj
 0001:00008360       _GetPtCtrlAddrByNameStr    00409360 f   dblib:ReadPoint.obj
 0001:000083c0       _GetPtUpdateSrcById        004093c0 f   dblib:ReadPoint.obj
 0001:00008420       _GetPtUpdateSrcByNameStr   00409420 f   dblib:ReadPoint.obj
 0001:00008480       _GetPtIoGroupById          00409480 f   dblib:ReadPoint.obj
 0001:000084e0       _GetPtIoGroupByNameStr     004094e0 f   dblib:ReadPoint.obj
 0001:00008540       _GetPtIoGroupCommentById   00409540 f   dblib:ReadPoint.obj
 0001:00008630       _GetPtIoGroupCommentByNameStr 00409630 f   dblib:ReadPoint.obj
 0001:00008690       _GetPtIoGroupStatusById    00409690 f   dblib:ReadPoint.obj
 0001:00008780       _GetPtIoGroupStatusByNameStr 00409780 f   dblib:ReadPoint.obj
 0001:000087e0       _GetPtDspFileNameById      004097e0 f   dblib:ReadPoint.obj
 0001:00008840       _GetPtDspFileNameByNameStr 00409840 f   dblib:ReadPoint.obj
 0001:000088a0       _GetPairPtById             004098a0 f   dblib:ReadPoint.obj
 0001:00008930       _GetPairPtByNameStr        00409930 f   dblib:ReadPoint.obj
 0001:000089c0       _GetPtUpdateTimeById       004099c0 f   dblib:ReadPoint.obj
 0001:00008b50       _GetPtUpdateTimeByNameStr  00409b50 f   dblib:ReadPoint.obj
 0001:00008ce0       _IsPtValueManSetById       00409ce0 f   dblib:ReadPoint.obj
 0001:00008e20       _IsPtValueManSetByNameStr  00409e20 f   dblib:ReadPoint.obj
 0001:00008f60       _IsPtValueChanFailById     00409f60 f   dblib:ReadPoint.obj
 0001:00009090       _IsPtValueChanFailByNameStr 0040a090 f   dblib:ReadPoint.obj
 0001:000091c0       _GetPtViewPointById        0040a1c0 f   dblib:ReadPoint.obj
 0001:00009230       _GetPtViewPointByNameStr   0040a230 f   dblib:ReadPoint.obj
 0001:000092a0       _IsPtScanEnableById        0040a2a0 f   dblib:ReadPoint.obj
 0001:00009310       _IsPtScanEnableByNameStr   0040a310 f   dblib:ReadPoint.obj
 0001:00009380       _IsPtAlmEnableById         0040a380 f   dblib:ReadPoint.obj
 0001:000093f0       _IsPtAlmEnableByNameStr    0040a3f0 f   dblib:ReadPoint.obj
 0001:00009460       _IsPtAlmNotAckedById       0040a460 f   dblib:ReadPoint.obj
 0001:000094d0       _IsPtAlmNotAckedByNameStr  0040a4d0 f   dblib:ReadPoint.obj
 0001:00009540       _IsPtCtrlLockedById        0040a540 f   dblib:ReadPoint.obj
 0001:000095b0       _IsPtCtrlLockedByNameStr   0040a5b0 f   dblib:ReadPoint.obj
 0001:00009620       _IsPtNoUpdateById          0040a620 f   dblib:ReadPoint.obj
 0001:00009690       _IsPtNoUpdateByNameStr     0040a690 f   dblib:ReadPoint.obj
 0001:00009700       _IsPtAlmRepeatById         0040a700 f   dblib:ReadPoint.obj
 0001:00009770       _IsPtAlmRepeatByNameStr    0040a770 f   dblib:ReadPoint.obj
 0001:000097e0       _GetPtTagStateById         0040a7e0 f   dblib:ReadPoint.obj
 0001:00009850       _GetPtTagStateByNameStr    0040a850 f   dblib:ReadPoint.obj
 0001:000098c0       _GetPtProcTypeById         0040a8c0 f   dblib:ReadPoint.obj
 0001:00009990       _GetPtProcTypeByNameStr    0040a990 f   dblib:ReadPoint.obj
 0001:00009a70       _IsPtAlmCbaById            0040aa70 f   dblib:ReadPoint.obj
 0001:00009ad0       _IsPtAlmCbaByNameStr       0040aad0 f   dblib:ReadPoint.obj
 0001:00009b30       _IsPtStatisticById         0040ab30 f   dblib:ReadPoint.obj
 0001:00009b90       _IsPtStatisticByNameStr    0040ab90 f   dblib:ReadPoint.obj
 0001:00009bf0       _IsPtFaultById             0040abf0 f   dblib:ReadPoint.obj
 0001:00009c50       _IsPtFaultByNameStr        0040ac50 f   dblib:ReadPoint.obj
 0001:00009cb0       _IsPtFailById              0040acb0 f   dblib:ReadPoint.obj
 0001:00009d10       _IsPtFailByNameStrd        0040ad10 f   dblib:ReadPoint.obj
 0001:00009d70       _IsPtCtrlById              0040ad70 f   dblib:ReadPoint.obj
 0001:00009dd0       _IsPtCtrlByNameStr         0040add0 f   dblib:ReadPoint.obj
 0001:00009e30       _IsPtSoeById               0040ae30 f   dblib:ReadPoint.obj
 0001:00009e90       _IsPtSoeByNameStr          0040ae90 f   dblib:ReadPoint.obj
 0001:00009ef0       _IsPtTrendAlmById          0040aef0 f   dblib:ReadPoint.obj
 0001:00009f50       _IsPtTrendAlmByNameStr     0040af50 f   dblib:ReadPoint.obj
 0001:00009fb0       _IsPtKeySignalById         0040afb0 f   dblib:ReadPoint.obj
 0001:0000a010       _IsPtKeySignalByNameStr    0040b010 f   dblib:ReadPoint.obj
 0001:0000a070       _IsPtFaultRecById          0040b070 f   dblib:ReadPoint.obj
 0001:0000a0d0       _IsPtFaultRecByNameStr     0040b0d0 f   dblib:ReadPoint.obj
 0001:0000a130       _IsPtAudAlmById            0040b130 f   dblib:ReadPoint.obj
 0001:0000a190       _IsPtAudAlmByNameStr       0040b190 f   dblib:ReadPoint.obj
 0001:0000a1f0       _IsPtNormalCloseById       0040b1f0 f   dblib:ReadPoint.obj
 0001:0000a250       _IsPtNormalCloseByNameStr  0040b250 f   dblib:ReadPoint.obj
 0001:0000a2b0       _IsPtDoublePointById       0040b2b0 f   dblib:ReadPoint.obj
 0001:0000a310       _IsPtDoublePointByNameStr  0040b310 f   dblib:ReadPoint.obj
 0001:0000a370       _IsPtSysVirtualById        0040b370 f   dblib:ReadPoint.obj
 0001:0000a3d0       _IsPtSysVirtualByNameStr   0040b3d0 f   dblib:ReadPoint.obj
 0001:0000a430       _IsPtOnAlmById             0040b430 f   dblib:ReadPoint.obj
 0001:0000a490       _IsPtOnAlmByNameStr        0040b490 f   dblib:ReadPoint.obj
 0001:0000a4f0       _IsPtOffAlmById            0040b4f0 f   dblib:ReadPoint.obj
 0001:0000a550       _IsPtOffAlmByNameStr       0040b550 f   dblib:ReadPoint.obj
 0001:0000a5b0       _GetPtNormalStateById      0040b5b0 f   dblib:ReadPoint.obj
 0001:0000a610       _GetPtNormalStateByNameStr 0040b610 f   dblib:ReadPoint.obj
 0001:0000a670       _IsPtLcuVirtualById        0040b670 f   dblib:ReadPoint.obj
 0001:0000a6d0       _IsPtLcuVirtualByNameStr   0040b6d0 f   dblib:ReadPoint.obj
 0001:0000a730       _IsPtCascadeById           0040b730 f   dblib:ReadPoint.obj
 0001:0000a790       _IsPtCascadeByNameStr      0040b790 f   dblib:ReadPoint.obj
 0001:0000a7f0       _IsPtHdbRecordById         0040b7f0 f   dblib:ReadPoint.obj
 0001:0000a850       _IsPtHdbRecordByNameStr    0040b850 f   dblib:ReadPoint.obj
 0001:0000a8b0       _IsPtHdbCurveById          0040b8b0 f   dblib:ReadPoint.obj
 0001:0000a910       _IsPtHdbCurveByNameStr     0040b910 f   dblib:ReadPoint.obj
 0001:0000a970       _GetPtHdbPeriodById        0040b970 f   dblib:ReadPoint.obj
 0001:0000a9d0       _GetPtHdbPeriodByNameStr   0040b9d0 f   dblib:ReadPoint.obj
 0001:0000aa30       _GetAnaPtValueById         0040ba30 f   dblib:ReadPoint.obj
 0001:0000ab00       _GetAnaPtValueByNameStr    0040bb00 f   dblib:ReadPoint.obj
 0001:0000abd0       _GetAnaPtfValueById        0040bbd0 f   dblib:ReadPoint.obj
 0001:0000ac90       _GetAnaPtfValueByNameStr   0040bc90 f   dblib:ReadPoint.obj
 0001:0000ad60       _GetAnaPtLmtStateById      0040bd60 f   dblib:ReadPoint.obj
 0001:0000ae40       _GetAnaPtLmtStateByNameStr 0040be40 f   dblib:ReadPoint.obj
 0001:0000af20       _GetAnaPtTrendStateById    0040bf20 f   dblib:ReadPoint.obj
 0001:0000b000       _GetAnaPtTrendStateByNameStr 0040c000 f   dblib:ReadPoint.obj
 0001:0000b0e0       _GetAnaPtCtrlblockStateById 0040c0e0 f   dblib:ReadPoint.obj
 0001:0000b1c0       _GetAnaPtCtrlBlockStateByNameStr 0040c1c0 f   dblib:ReadPoint.obj
 0001:0000b2a0       _GetAnaPtOverflowStateById 0040c2a0 f   dblib:ReadPoint.obj
 0001:0000b380       _GetAnaPtOverflowStateByNameStr 0040c380 f   dblib:ReadPoint.obj
 0001:0000b460       _GetAnaPtUnitNameById      0040c460 f   dblib:ReadPoint.obj
 0001:0000b530       _GetAnaPtUnitNameByNameStr 0040c530 f   dblib:ReadPoint.obj
 0001:0000b600       _GetAnaPtEngLmtParaById    0040c600 f   dblib:ReadPoint.obj
 0001:0000b6e0       _GetAnaPtEngLmtParaByNameStr 0040c6e0 f   dblib:ReadPoint.obj
 0001:0000b7d0       _GetImpPtRtValueById       0040c7d0 f   dblib:ReadPoint.obj
 0001:0000b870       _GetImpPtRtValueByNameStr  0040c870 f   dblib:ReadPoint.obj
 0001:0000b910       _GetImpPtBaseValueById     0040c910 f   dblib:ReadPoint.obj
 0001:0000b9b0       _GetImpPtBaseValueByNameStr 0040c9b0 f   dblib:ReadPoint.obj
 0001:0000ba50       _GetImpPtDaccumById        0040ca50 f   dblib:ReadPoint.obj
 0001:0000baf0       _GetImpPtDaccumByNameStr   0040caf0 f   dblib:ReadPoint.obj
 0001:0000bb90       _GetImpPtEngParaById       0040cb90 f   dblib:ReadPoint.obj
 0001:0000bc30       _GetImpPtEngParaByNameStr  0040cc30 f   dblib:ReadPoint.obj
 0001:0000bcd0       _GetImpPtStatisticUnitNameById 0040ccd0 f   dblib:ReadPoint.obj
 0001:0000bf30       _GetImpPtStatisticUnitNameByNameStr 0040cf30 f   dblib:ReadPoint.obj
 0001:0000c190       _GetImpPtDataById          0040d190 f   dblib:ReadPoint.obj
 0001:0000c330       _GetImpPtDataByNameStr     0040d330 f   dblib:ReadPoint.obj
 0001:0000c4d0       _GetImpPtFloatDataById     0040d4d0 f   dblib:ReadPoint.obj
 0001:0000c750       _GetImpPtFloatDataByNameStr 0040d750 f   dblib:ReadPoint.obj
 0001:0000c9d0       _GetIndPtStateById         0040d9d0 f   dblib:ReadPoint.obj
 0001:0000cab0       _GetIndPtStateByNameStr    0040dab0 f   dblib:ReadPoint.obj
 0001:0000cb90       _GetIndPtRtStateById       0040db90 f   dblib:ReadPoint.obj
 0001:0000cc70       _GetIndPtRtStateByNameStr  0040dc70 f   dblib:ReadPoint.obj
 0001:0000cd50       _GetIndPtChangeTimeById    0040dd50 f   dblib:ReadPoint.obj
 0001:0000ce20       _GetIndPtChangeTimeByNameStr 0040de20 f   dblib:ReadPoint.obj
 0001:0000cf00       _IsIndPtFaultTagById       0040df00 f   dblib:ReadPoint.obj
 0001:0000cfe0       _IsIndPtFaultTagByNameStr  0040dfe0 f   dblib:ReadPoint.obj
 0001:0000d0d0       _GetIndPtSTCById           0040e0d0 f   dblib:ReadPoint.obj
 0001:0000d1a0       _GetIndPtSTCByNameStr      0040e1a0 f   dblib:ReadPoint.obj
 0001:0000d270       _GetCharaPtDataById        0040e270 f   dblib:ReadPoint.obj
 0001:0000d310       _GetCharaPtDataByNameStr   0040e310 f   dblib:ReadPoint.obj
 0001:0000d3b0       _GetCharaStartPtNameById   0040e3b0 f   dblib:ReadPoint.obj
 0001:0000d450       _GetCharaStartPtNameByNameStr 0040e450 f   dblib:ReadPoint.obj
 0001:0000d4f0       _GetCharaPtNumById         0040e4f0 f   dblib:ReadPoint.obj
 0001:0000d590       _GetCharaPtNumByNameStr    0040e590 f   dblib:ReadPoint.obj
 0001:0000d630       _GetIndPtStateStrById      0040e630 f   dblib:ReadPoint.obj
 0001:0000d790       _GetIndPtStateStrByNameStr 0040e790 f   dblib:ReadPoint.obj
 0001:0000d8f0       _GetIndPtRtStateStrById    0040e8f0 f   dblib:ReadPoint.obj
 0001:0000da50       _GetIndPtRtStateStrByNameStr 0040ea50 f   dblib:ReadPoint.obj
 0001:0000dbb0       _GetIndPtAlmMsgStrById     0040ebb0 f   dblib:ReadPoint.obj
 0001:0000dd20       _GetIndPtAlmMsgByNameStr   0040ed20 f   dblib:ReadPoint.obj
 0001:0000de90       _GetPtCmdMsgStrById        0040ee90 f   dblib:ReadPoint.obj
 0001:0000e060       _GetPtCmdMsgStrByNameStr   0040f060 f   dblib:ReadPoint.obj
 0001:0000e230       _GetCurvePtDataById        0040f230 f   dblib:ReadPoint.obj
 0001:0000e2d0       _GetCurvePtDataByNameStr   0040f2d0 f   dblib:ReadPoint.obj
 0001:0000e370       _GetCurvePtEngParaById     0040f370 f   dblib:ReadPoint.obj
 0001:0000e410       _GetCurvePtEngParaByNameStr 0040f410 f   dblib:ReadPoint.obj
 0001:0000e4b0       _GetCurvePtSegNumById      0040f4b0 f   dblib:ReadPoint.obj
 0001:0000e550       _GetCurvePtSegNumByNameStr 0040f550 f   dblib:ReadPoint.obj
 0001:0000e5f0       _GetObjPtStateById         0040f5f0 f   dblib:ReadPoint.obj
 0001:0000e760       _GetObjPtStateByNameStr    0040f760 f   dblib:ReadPoint.obj
 0001:0000e8c0       _GetObjPtCmdTimeById       0040f8c0 f   dblib:ReadPoint.obj
 0001:0000e970       _GetObjPtCmdTimeByNameStr  0040f970 f   dblib:ReadPoint.obj
 0001:0000ea20       _GetObjPtUsrNameById       0040fa20 f   dblib:ReadPoint.obj
 0001:0000eac0       _GetObjPtUsrNameByNameStr  0040fac0 f   dblib:ReadPoint.obj
 0001:0000eb60       _GetObjPtHostIdById        0040fb60 f   dblib:ReadPoint.obj
 0001:0000ec00       _GetObjPtHostIdByNameStr   0040fc00 f   dblib:ReadPoint.obj
 0001:0000eca0       _GetObjPtCmdStatusById     0040fca0 f   dblib:ReadPoint.obj
 0001:0000ed50       _GetObjPtCmdStatusByNameStr 0040fd50 f   dblib:ReadPoint.obj
 0001:0000ee00       _GetObjPtCmdDataById       0040fe00 f   dblib:ReadPoint.obj
 0001:0000eeb0       _GetObjPtCmdDataByNameStr  0040feb0 f   dblib:ReadPoint.obj
 0001:0000ef60       _GetObjPtFbStatus1ById     0040ff60 f   dblib:ReadPoint.obj
 0001:0000f010       _GetObjPtFbStatus1ByNameStr 00410010 f   dblib:ReadPoint.obj
 0001:0000f0c0       _GetObjPtFbStatus2ById     004100c0 f   dblib:ReadPoint.obj
 0001:0000f170       _GetObjPtFbStatus2ByNameStr 00410170 f   dblib:ReadPoint.obj
 0001:0000f220       _GetObjPtCmdParamById      00410220 f   dblib:ReadPoint.obj
 0001:0000f2c0       _GetObjPtCmdParamByNameStr 004102c0 f   dblib:ReadPoint.obj
 0001:0000f360       _GetTimePtStatusById       00410360 f   dblib:ReadPoint.obj
 0001:0000f400       _GetTimePtStatusByNameStr  00410400 f   dblib:ReadPoint.obj
 0001:0000f4a0       _GetTimePtSecValueById     004104a0 f   dblib:ReadPoint.obj
 0001:0000f540       _GetTimePtSecValueByNameStr 00410540 f   dblib:ReadPoint.obj
 0001:0000f5e0       _GetTimePtMsValueById      004105e0 f   dblib:ReadPoint.obj
 0001:0000f680       _GetTimePtMsValueByNameStr 00410680 f   dblib:ReadPoint.obj
 0001:0000f720       _GetTimePtUsrNameById      00410720 f   dblib:ReadPoint.obj
 0001:0000f7c0       _GetTimePtUsrNameByNameStr 004107c0 f   dblib:ReadPoint.obj
 0001:0000f860       _GetTimePtHostIdById       00410860 f   dblib:ReadPoint.obj
 0001:0000f900       _GetTimePtHostIdByNameStr  00410900 f   dblib:ReadPoint.obj
 0001:0000f9a0       _GetTimePtUpdateTimeById   004109a0 f   dblib:ReadPoint.obj
 0001:0000fa50       _GetTimePtUpdateTimeByNameStr 00410a50 f   dblib:ReadPoint.obj
 0001:0000fb00       _GetTimePtCoordinateById   00410b00 f   dblib:ReadPoint.obj
 0001:0000fbb0       _GetTimePtCoordinateByNameStr 00410bb0 f   dblib:ReadPoint.obj
 0001:0000fc60       _GetPtDataByStr            00410c60 f   dblib:ReadPoint.obj
 0001:0000fff0       _SameMacAddr               00410ff0 f   dblib:mac.obj
 0001:00010050       _list_netcard_mac          00411050 f   dblib:mac.obj
 0001:00010180       _GetAnaPtLmtBase           00411180 f   dblib:mac.obj
 0001:00010360       _LocateKeyword             00411360 f   dblib:LoadEmsDefine.obj
 0001:00010400       _IsFileEndStr              00411400 f   dblib:LoadEmsDefine.obj
 0001:00010470       _LoadEmsDefine             00411470 f   dblib:LoadEmsDefine.obj
 0001:00014280       _GetSysHostNum             00415280 f   dblib:LoadEmsDefine.obj
 0001:000142b0       _GetHostStnId              004152b0 f   dblib:LoadEmsDefine.obj
 0001:00014370       _GetLocalHostStnId         00415370 f   dblib:LoadEmsDefine.obj
 0001:000143e0       _GetHostId                 004153e0 f   dblib:LoadEmsDefine.obj
 0001:00014490       _GetHostType               00415490 f   dblib:LoadEmsDefine.obj
 0001:00014550       _GetHostDomain             00415550 f   dblib:LoadEmsDefine.obj
 0001:00014610       _IsColorPrinter            00415610 f   dblib:LoadEmsDefine.obj
 0001:00014670       _GetHostDisk               00415670 f   dblib:LoadEmsDefine.obj
 0001:00014730       _GetLocalHostId            00415730 f   dblib:LoadEmsDefine.obj
 0001:000147a0       _GetHostNameById           004157a0 f   dblib:LoadEmsDefine.obj
 0001:00014830       _GetBroadcastIpaddr        00415830 f   dblib:LoadEmsDefine.obj
 0001:000148e0       _GetHostIpaddrNum          004158e0 f   dblib:LoadEmsDefine.obj
 0001:000149a0       _GetHostIpaddr             004159a0 f   dblib:LoadEmsDefine.obj
 0001:00014af0       _IsServerStation           00415af0 f   dblib:LoadEmsDefine.obj
 0001:00014bf0       _IsOperatorStation         00415bf0 f   dblib:LoadEmsDefine.obj
 0001:00014cf0       _GetLocalHostPrvg          00415cf0 f   dblib:LoadEmsDefine.obj
 0001:00014e30       _GetAlmPrinterNum          00415e30 f   dblib:LoadEmsDefine.obj
 0001:00014eb0       _GetAlmPrinter             00415eb0 f   dblib:LoadEmsDefine.obj
 0001:00014fa0       _GetHcopyPrinterNum        00415fa0 f   dblib:LoadEmsDefine.obj
 0001:00015020       _GetHcopyPrinter           00416020 f   dblib:LoadEmsDefine.obj
 0001:00015110       _GetRptPrinterNum          00416110 f   dblib:LoadEmsDefine.obj
 0001:00015190       _GetRptPrinter             00416190 f   dblib:LoadEmsDefine.obj
 0001:00015280       _GetRunProcessNum          00416280 f   dblib:LoadEmsDefine.obj
 0001:00015380       _GetRunProcess             00416380 f   dblib:LoadEmsDefine.obj
 0001:00015510       _GetRcpHostNum             00416510 f   dblib:LoadEmsDefine.obj
 0001:00015540       _GetRcpHostName            00416540 f   dblib:LoadEmsDefine.obj
 0001:000155d0       _GetDhswHostName           004165d0 f   dblib:LoadEmsDefine.obj
 0001:000156d0       _GetTimeServerNum          004166d0 f   dblib:LoadEmsDefine.obj
 0001:00015700       _GetTimeServer             00416700 f   dblib:LoadEmsDefine.obj
 0001:000157c0       _GetPlcScanHostNum         004167c0 f   dblib:LoadEmsDefine.obj
 0001:000158a0       _GetPlcScanHost            004168a0 f   dblib:LoadEmsDefine.obj
 0001:000159f0       _GetLcuIpaddrNum           004169f0 f   dblib:LoadEmsDefine.obj
 0001:00015ad0       _GetLcuIpaddr              00416ad0 f   dblib:LoadEmsDefine.obj
 0001:00015c50       _GetPlcMode                00416c50 f   dblib:LoadEmsDefine.obj
 0001:00015ce0       _GetSysNetNum              00416ce0 f   dblib:LoadEmsDefine.obj
 0001:00015d10       _GetCtrlNetNum             00416d10 f   dblib:LoadEmsDefine.obj
 0001:00015d40       _IsCtrlNetIndepend         00416d40 f   dblib:LoadEmsDefine.obj
 0001:00015d70       _IsEventFileLog            00416d70 f   dblib:LoadEmsDefine.obj
 0001:00015da0       _IsPowerAdjLog             00416da0 f   dblib:LoadEmsDefine.obj
 0001:00015dd0       _IsInfoRecTable            00416dd0 f   dblib:LoadEmsDefine.obj
 0001:00015e00       _IsIoForceDisable          00416e00 f   dblib:LoadEmsDefine.obj
 0001:00015e30       _IsDevObjDisable           00416e30 f   dblib:LoadEmsDefine.obj
 0001:00015e60       _IsCurveWndDisable         00416e60 f   dblib:LoadEmsDefine.obj
 0001:00015ea0       _IsHisRdbDisable           00416ea0 f   dblib:LoadEmsDefine.obj
 0001:00015ed0       _IsHostNoHardDisk          00416ed0 f   dblib:LoadEmsDefine.obj
 0001:00015f60       _IsHostIsland              00416f60 f   dblib:LoadEmsDefine.obj
 0001:00015ff0       _GetEmsVariable            00416ff0 f   dblib:LoadEmsDefine.obj
 0001:000160a0       _GetEmsString              004170a0 f   dblib:LoadEmsDefine.obj
 0001:000161c0       _GetSystemPassword         004171c0 f   dblib:LoadEmsDefine.obj
 0001:00016290       _GetSysLcuId               00417290 f   dblib:LoadEmsDefine.obj
 0001:000162d0       _GetHostSysLcuId           004172d0 f   dblib:LoadEmsDefine.obj
 0001:00016330       _GetLocalSysLcuId          00417330 f   dblib:LoadEmsDefine.obj
 0001:000163a0       _GetHostCmdId              004173a0 f   dblib:LoadEmsDefine.obj
 0001:00016450       _GetHostStatePtId          00417450 f   dblib:LoadEmsDefine.obj
 0001:00016550       _GetHostStatePtNameStr     00417550 f   dblib:LoadEmsDefine.obj
 0001:000165b0       _GetHostState              004175b0 f   dblib:LoadEmsDefine.obj
 0001:00016610       _GetLocalHostState         00417610 f   dblib:LoadEmsDefine.obj
 0001:00016690       _GetHostSysNetStatePtId    00417690 f   dblib:LoadEmsDefine.obj
 0001:000167d0       _GetHostSysNetStatePtNameStr 004177d0 f   dblib:LoadEmsDefine.obj
 0001:00016830       _GetHostSysNetState        00417830 f   dblib:LoadEmsDefine.obj
 0001:00016890       _GetHostCtrlNetStatePtId   00417890 f   dblib:LoadEmsDefine.obj
 0001:00016a00       _GetHostCtrlNetStatePtNameStr 00417a00 f   dblib:LoadEmsDefine.obj
 0001:00016a60       _GetHostCtrlNetState       00417a60 f   dblib:LoadEmsDefine.obj
 0001:00016ac0       _GetDispatchStnName        00417ac0 f   dblib:LoadEmsDefine.obj
 0001:00016b20       _IsLocalHostDispatch       00417b20 f   dblib:LoadEmsDefine.obj
 0001:00016bb0       _IsHostStateManage         00417bb0 f   dblib:LoadEmsDefine.obj
 0001:00016c60       _GetHostLongname           00417c60 f   dblib:LoadEmsDefine.obj
 0001:00016d20       _LoadHostDefine            00417d20 f   dblib:LoadEmsDefine.obj
 0001:000170e0       _SetPtValueIostById        004180e0 f   dblib:WritePoint.obj
 0001:00018400       _SetPtValueIostByNameStr   00419400 f   dblib:WritePoint.obj
 0001:00018490       _SetPtIoattrById           00419490 f   dblib:WritePoint.obj
 0001:00018840       _SetPtIoattrByNameStr      00419840 f   dblib:WritePoint.obj
 0001:00018bd0       _SetImpPtVarById           00419bd0 f   dblib:WritePoint.obj
 0001:00018c50       _SetImpPtVarByNameStr      00419c50 f   dblib:WritePoint.obj
 0001:00018cc0       _SetCharaPtDataById        00419cc0 f   dblib:WritePoint.obj
 0001:00018d50       _SetCharaPtDataByNameStr   00419d50 f   dblib:WritePoint.obj
 0001:00018dd0       _SetAnaPtfValueById        00419dd0 f   dblib:WritePoint.obj
 0001:00018ec0       _SetAnaPtfValueByNameStr   00419ec0 f   dblib:WritePoint.obj
 0001:00018fb0       _SetAnaPtEngLmtParaById    00419fb0 f   dblib:WritePoint.obj
 0001:00019150       _SetAnaPtEngLmtParaByNameStr 0041a150 f   dblib:WritePoint.obj
 0001:000192f0       _SetIndPtStcById           0041a2f0 f   dblib:WritePoint.obj
 0001:000193d0       _SetIndPtStcByNameStr      0041a3d0 f   dblib:WritePoint.obj
 0001:000194c0       _SetIndPtAlmMsgSelById     0041a4c0 f   dblib:WritePoint.obj
 0001:00019550       _SetIndPtAlmMsgSelByNameStr 0041a550 f   dblib:WritePoint.obj
 0001:000195e0       _SetPtCmdMsgSelById        0041a5e0 f   dblib:WritePoint.obj
 0001:00019640       _SetPtCmdMsgSelByNameStr   0041a640 f   dblib:WritePoint.obj
 0001:000196a0       _SetPtCtrlAddrById         0041a6a0 f   dblib:WritePoint.obj
 0001:00019700       _SetPtCtrlAddrByNameStr    0041a700 f   dblib:WritePoint.obj
 0001:00019760       _SetPtIoGroupById          0041a760 f   dblib:WritePoint.obj
 0001:000197c0       _SetPtIoGroupByNameStr     0041a7c0 f   dblib:WritePoint.obj
 0001:00019820       _SetCurvePtDataById        0041a820 f   dblib:WritePoint.obj
 0001:000199c0       _SetCurvePtDataByNameStr   0041a9c0 f   dblib:WritePoint.obj
 0001:00019b50       _SetCurvePtEngParaById     0041ab50 f   dblib:WritePoint.obj
 0001:00019bf0       _SetCurvePtEngParaByNameStr 0041abf0 f   dblib:WritePoint.obj
 0001:00019c90       _SetPairPtById             0041ac90 f   dblib:WritePoint.obj
 0001:00019da0       _SetPairPtByNameStr        0041ada0 f   dblib:WritePoint.obj
 0001:00019eb0       _SetDevObjPtVarById        0041aeb0 f   dblib:WritePoint.obj
 0001:00019f20       _SetDevObjPtVarByNameStr   0041af20 f   dblib:WritePoint.obj
 0001:00019f80       _SetTimePtVarById          0041af80 f   dblib:WritePoint.obj
 0001:00019ff0       _SetTimePtVarByNameStr     0041aff0 f   dblib:WritePoint.obj
 0001:0001a050       _SetDbInvalidState         0041b050 f   dblib:WritePoint.obj
 0001:0001a090       _GetDbInvalidState         0041b090 f   dblib:WritePoint.obj
 0001:0001a0d0       _onLogConsoleOutputCfg     0041b0d0 f   syslog:syslog.obj
 0001:0001a163       _onLogFileCfg              0041b163 f   syslog:syslog.obj
 0001:0001a3e5       _onLogMasksCfg             0041b3e5 f   syslog:syslog.obj
 0001:0001a7b9       _ReadLogConfig             0041b7b9 f   syslog:syslog.obj
 0001:0001aa47       _InitSysLogModuleSettings  0041ba47 f   syslog:syslog.obj
 0001:0001afc5       _SetModuleName             0041bfc5 f   syslog:syslog.obj
 0001:0001afe0       _GetModuleName             0041bfe0 f   syslog:syslog.obj
 0001:0001b06e       _GetModuleId               0041c06e f   syslog:syslog.obj
 0001:0001b078       _GetModuleIdByName         0041c078 f   syslog:syslog.obj
 0001:0001b10e       _LinkSysLog                0041c10e f   syslog:syslog.obj
 0001:0001b242       _InitSysLog                0041c242 f   syslog:syslog.obj
 0001:0001b3b4       _GetSysLogCount            0041c3b4 f   syslog:syslog.obj
 0001:0001b3e5       _GetSysLogHeader           0041c3e5 f   syslog:syslog.obj
 0001:0001b445       _GetSysLogTail             0041c445 f   syslog:syslog.obj
 0001:0001b4be       _GetSysLogInfo             0041c4be f   syslog:syslog.obj
 0001:0001b514       _GetLogOutputFilter        0041c514 f   syslog:syslog.obj
 0001:0001b56e       _SetLogOutputFilter        0041c56e f   syslog:syslog.obj
 0001:0001b64a       _GetLogOutputFileEnableFlag 0041c64a f   syslog:syslog.obj
 0001:0001b6a7       _SetLogOutputFileEnableFlag 0041c6a7 f   syslog:syslog.obj
 0001:0001b753       _GetLogOutputFileHardFlushFlag 0041c753 f   syslog:syslog.obj
 0001:0001b7b0       _SetLogOutputFileHardFlushFlag 0041c7b0 f   syslog:syslog.obj
 0001:0001b85e       _GetLogConsoleOutputFlag   0041c85e f   syslog:syslog.obj
 0001:0001b8b5       _SetLogConsoleOutputFlag   0041c8b5 f   syslog:syslog.obj
 0001:0001b948       _GetLogOutputFileSize      0041c948 f   syslog:syslog.obj
 0001:0001b99e       _SetLogOutputFileSize      0041c99e f   syslog:syslog.obj
 0001:0001ba31       _GetLogOutputFileNum       0041ca31 f   syslog:syslog.obj
 0001:0001ba87       _SetLogOutputFileNum       0041ca87 f   syslog:syslog.obj
 0001:0001bb1a       _SendTraceMsg              0041cb1a f   syslog:syslog.obj
 0001:0001bd8a       _SendErrMsg                0041cd8a f   syslog:syslog.obj
 0001:0001bdff       _SendWarnMsg               0041cdff f   syslog:syslog.obj
 0001:0001be74       _SendInfoMsg               0041ce74 f   syslog:syslog.obj
 0001:0001bee9       _SendSendMsg               0041cee9 f   syslog:syslog.obj
 0001:0001bf5e       _SendRecvMsg               0041cf5e f   syslog:syslog.obj
 0001:0001bfd3       _SendDebugMsg              0041cfd3 f   syslog:syslog.obj
 0001:0001c048       _Err_log                   0041d048 f   syslog:syslog.obj
 0001:0001c064       _log_printf                0041d064 f   syslog:syslog.obj
 0001:0001c08a       _log_write                 0041d08a f   syslog:syslog.obj
 0001:0001c0b0       _err_write                 0041d0b0 f   syslog:syslog.obj
 0001:0001c0d1       _warn_write                0041d0d1 f   syslog:syslog.obj
 0001:0001c0f2       _info_write                0041d0f2 f   syslog:syslog.obj
 0001:0001c114       _RegCloseKey@4             0041d114 f   advapi32:ADVAPI32.dll
 0001:0001c11a       _RegQueryValueExA@24       0041d11a f   advapi32:ADVAPI32.dll
 0001:0001c120       _RegEnumKeyExA@32          0041d120 f   advapi32:ADVAPI32.dll
 0001:0001c126       _RegOpenKeyExA@20          0041d126 f   advapi32:ADVAPI32.dll
 0001:0001c130       __cinit                    0041d130 f   LIBCMTD:crt0dat.obj
 0001:0001c170       _exit                      0041d170 f   LIBCMTD:crt0dat.obj
 0001:0001c190       __exit                     0041d190 f   LIBCMTD:crt0dat.obj
 0001:0001c1b0       __cexit                    0041d1b0 f   LIBCMTD:crt0dat.obj
 0001:0001c1d0       __c_exit                   0041d1d0 f   LIBCMTD:crt0dat.obj
 0001:0001c2e0       __lockexit                 0041d2e0 f   LIBCMTD:crt0dat.obj
 0001:0001c2f0       __unlockexit               0041d2f0 f   LIBCMTD:crt0dat.obj
 0001:0001c330       _printf                    0041d330 f   LIBCMTD:printf.obj
 0001:0001c3d0       __chkesp                   0041d3d0 f   LIBCMTD:chkesp.obj
 0001:0001c410       _mainCRTStartup            0041d410 f   LIBCMTD:crt0.obj
 0001:0001c560       __amsg_exit                0041d560 f   LIBCMTD:crt0.obj
 0001:0001c5c0       _memcpy                    0041d5c0 f   LIBCMTD:memcpy.obj
 0001:0001c900       _sprintf                   0041d900 f   LIBCMTD:sprintf.obj
 0001:0001ca00       _strcmp                    0041da00 f   LIBCMTD:strcmp.obj
 0001:0001ca90       _fclose                    0041da90 f   LIBCMTD:fclose.obj
 0001:0001cb20       __fclose_lk                0041db20 f   LIBCMTD:fclose.obj
 0001:0001cbe0       _strncpy                   0041dbe0 f   LIBCMTD:strncpy.obj
 0001:0001cce0       _memset                    0041dce0 f   LIBCMTD:memset.obj
 0001:0001cd40       _strlen                    0041dd40 f   LIBCMTD:strlen.obj
 0001:0001cdc0       _sscanf                    0041ddc0 f   LIBCMTD:sscanf.obj
 0001:0001ce80       _fgets                     0041de80 f   LIBCMTD:fgets.obj
 0001:0001cfc0       __fsopen                   0041dfc0 f   LIBCMTD:fopen.obj
 0001:0001d0c0       _fopen                     0041e0c0 f   LIBCMTD:fopen.obj
 0001:0001d0e0       _strstr                    0041e0e0 f   LIBCMTD:strstr.obj
 0001:0001d160       _fscanf                    0041e160 f   LIBCMTD:fscanf.obj
 0001:0001d200       _strrchr                   0041e200 f   LIBCMTD:strrchr.obj
 0001:0001d230       _strcpy                    0041e230 f   LIBCMTD:strcat.obj
 0001:0001d240       _strcat                    0041e240 f   LIBCMTD:strcat.obj
 0001:0001d320       __fpmath                   0041e320 f   LIBCMTD:fpinit.obj
 0001:0001d350       __fpclear                  0041e350 f   LIBCMTD:fpinit.obj
 0001:0001d360       __cfltcvt_init             0041e360 f   LIBCMTD:fpinit.obj
 0001:0001d3b0       ___setfflag                0041e3b0 f   LIBCMTD:fpinit.obj
 0001:0001d3cc       __ftol                     0041e3cc f   LIBCMTD:ftol.obj
 0001:0001d400       _mktime                    0041e400 f   LIBCMTD:mktime.obj
 0001:0001d420       __mkgmtime                 0041e420 f   LIBCMTD:mktime.obj
 0001:0001d750       _rewind                    0041e750 f   LIBCMTD:rewind.obj
 0001:0001d840       __chkstk                   0041e840 f   LIBCMTD:chkstk.obj
 0001:0001d840       __alloca_probe             0041e840 f   LIBCMTD:chkstk.obj
 0001:0001d870       __vsnprintf                0041e870 f   LIBCMTD:vsnprint.obj
 0001:0001d970       _malloc                    0041e970 f   LIBCMTD:dbgheap.obj
 0001:0001d990       __malloc_dbg               0041e990 f   LIBCMTD:dbgheap.obj
 0001:0001d9c0       __nh_malloc                0041e9c0 f   LIBCMTD:dbgheap.obj
 0001:0001d9e0       __nh_malloc_dbg            0041e9e0 f   LIBCMTD:dbgheap.obj
 0001:0001da40       __heap_alloc               0041ea40 f   LIBCMTD:dbgheap.obj
 0001:0001da60       __heap_alloc_dbg           0041ea60 f   LIBCMTD:dbgheap.obj
 0001:0001dd80       _calloc                    0041ed80 f   LIBCMTD:dbgheap.obj
 0001:0001dda0       __calloc_dbg               0041eda0 f   LIBCMTD:dbgheap.obj
 0001:0001de00       _realloc                   0041ee00 f   LIBCMTD:dbgheap.obj
 0001:0001de20       __realloc_dbg              0041ee20 f   LIBCMTD:dbgheap.obj
 0001:0001e380       __expand                   0041f380 f   LIBCMTD:dbgheap.obj
 0001:0001e3a0       __expand_dbg               0041f3a0 f   LIBCMTD:dbgheap.obj
 0001:0001e3e0       _free                      0041f3e0 f   LIBCMTD:dbgheap.obj
 0001:0001e400       __free_lk                  0041f400 f   LIBCMTD:dbgheap.obj
 0001:0001e420       __free_dbg                 0041f420 f   LIBCMTD:dbgheap.obj
 0001:0001e450       __free_dbg_lk              0041f450 f   LIBCMTD:dbgheap.obj
 0001:0001e840       __msize                    0041f840 f   LIBCMTD:dbgheap.obj
 0001:0001e860       __msize_dbg                0041f860 f   LIBCMTD:dbgheap.obj
 0001:0001e9c0       __CrtSetBreakAlloc         0041f9c0 f   LIBCMTD:dbgheap.obj
 0001:0001e9e0       __CrtSetDbgBlockType       0041f9e0 f   LIBCMTD:dbgheap.obj
 0001:0001ea80       __CrtSetAllocHook          0041fa80 f   LIBCMTD:dbgheap.obj
 0001:0001eb30       __CrtCheckMemory           0041fb30 f   LIBCMTD:dbgheap.obj
 0001:0001eea0       __CrtSetDbgFlag            0041fea0 f   LIBCMTD:dbgheap.obj
 0001:0001eed0       __CrtDoForAllClientObjects 0041fed0 f   LIBCMTD:dbgheap.obj
 0001:0001ef40       __CrtIsValidPointer        0041ff40 f   LIBCMTD:dbgheap.obj
 0001:0001ef90       __CrtIsValidHeapPointer    0041ff90 f   LIBCMTD:dbgheap.obj
 0001:0001f020       __CrtIsMemoryBlock         00420020 f   LIBCMTD:dbgheap.obj
 0001:0001f110       __CrtSetDumpClient         00420110 f   LIBCMTD:dbgheap.obj
 0001:0001f130       __CrtMemCheckpoint         00420130 f   LIBCMTD:dbgheap.obj
 0001:0001f2a0       __CrtMemDifference         004202a0 f   LIBCMTD:dbgheap.obj
 0001:0001f3d0       __CrtMemDumpAllObjectsSince 004203d0 f   LIBCMTD:dbgheap.obj
 0001:0001f7b0       __CrtDumpMemoryLeaks       004207b0 f   LIBCMTD:dbgheap.obj
 0001:0001f830       __CrtMemDumpStatistics     00420830 f   LIBCMTD:dbgheap.obj
 0001:0001f900       __mtinitlocks              00420900 f   LIBCMTD:mlock.obj
 0001:0001f940       __mtdeletelocks            00420940 f   LIBCMTD:mlock.obj
 0001:0001f9e0       __lock                     004209e0 f   LIBCMTD:mlock.obj
 0001:0001fa80       __unlock                   00420a80 f   LIBCMTD:mlock.obj
 0001:0001faa0       __lockerr_exit             00420aa0 f   LIBCMTD:mlock.obj
 0001:0001fac0       ___initstdio               00420ac0 f   LIBCMTD:_file.obj
 0001:0001fbf0       ___endstdio                00420bf0 f   LIBCMTD:_file.obj
 0001:0001fc10       __lock_file                00420c10 f   LIBCMTD:_file.obj
 0001:0001fc50       __lock_file2               00420c50 f   LIBCMTD:_file.obj
 0001:0001fc80       __unlock_file              00420c80 f   LIBCMTD:_file.obj
 0001:0001fcc0       __unlock_file2             00420cc0 f   LIBCMTD:_file.obj
 0001:0001fcf0       __stbuf                    00420cf0 f   LIBCMTD:_sftbuf.obj
 0001:0001fe50       __ftbuf                    00420e50 f   LIBCMTD:_sftbuf.obj
 0001:0001fef0       __output                   00420ef0 f   LIBCMTD:output.obj
 0001:00020d90       __CrtDbgBreak              00421d90 f   LIBCMTD:dbgrpt.obj
 0001:00020da0       __CrtSetReportMode         00421da0 f   LIBCMTD:dbgrpt.obj
 0001:00020e00       __CrtSetReportFile         00421e00 f   LIBCMTD:dbgrpt.obj
 0001:00020e80       __CrtSetReportHook         00421e80 f   LIBCMTD:dbgrpt.obj
 0001:00020ea0       __CrtDbgReport             00421ea0 f   LIBCMTD:dbgrpt.obj
 0001:00021540       __XcptFilter               00422540 f   LIBCMTD:winxfltr.obj
 0001:00021760       __setenvp                  00422760 f   LIBCMTD:stdenvp.obj
 0001:000218b0       __setargv                  004228b0 f   LIBCMTD:stdargv.obj
 0001:00021dc0       ___crtGetEnvironmentStringsA 00422dc0 f   LIBCMTD:a_env.obj
 0001:00021fe0       __ioinit                   00422fe0 f   LIBCMTD:ioinit.obj
 0001:00022310       __ioterm                   00423310 f   LIBCMTD:ioinit.obj
 0001:000223b0       __mtinit                   004233b0 f   LIBCMTD:tidtable.obj
 0001:00022440       __mtterm                   00423440 f   LIBCMTD:tidtable.obj
 0001:00022470       __initptd                  00423470 f   LIBCMTD:tidtable.obj
 0001:00022490       __getptd                   00423490 f   LIBCMTD:tidtable.obj
 0001:00022530       __freeptd                  00423530 f   LIBCMTD:tidtable.obj
 0001:00022640       ___threadid                00423640 f   LIBCMTD:tidtable.obj
 0001:00022650       ___threadhandle            00423650 f   LIBCMTD:tidtable.obj
 0001:00022660       __heap_init                00423660 f   LIBCMTD:heapinit.obj
 0001:000226b0       __heap_term                004236b0 f   LIBCMTD:heapinit.obj
 0001:0002274c       __global_unwind2           0042374c f   LIBCMTD:exsup.obj
 0001:0002278e       __local_unwind2            0042378e f   LIBCMTD:exsup.obj
 0001:000227e6       __NLG_Return2              004237e6 f   LIBCMTD:exsup.obj
 0001:000227f6       __abnormal_termination     004237f6 f   LIBCMTD:exsup.obj
 0001:00022819       __NLG_Notify1              00423819 f   LIBCMTD:exsup.obj
 0001:00022822       __NLG_Notify               00423822 f   LIBCMTD:exsup.obj
 0001:00022835       __NLG_Dispatch             00423835 f   LIBCMTD:exsup.obj
 0001:00022844       __except_handler3          00423844 f   LIBCMTD:exsup3.obj
 0001:00022901       __seh_longjmp_unwind@4     00423901 f   LIBCMTD:exsup3.obj
 0001:00022920       __FF_MSGBANNER             00423920 f   LIBCMTD:crt0msg.obj
 0001:00022970       __NMSG_WRITE               00423970 f   LIBCMTD:crt0msg.obj
 0001:00022b30       __GET_RTERRMSG             00423b30 f   LIBCMTD:crt0msg.obj
 0001:00022b80       __flsbuf                   00423b80 f   LIBCMTD:_flsbuf.obj
 0001:00022e00       __close                    00423e00 f   LIBCMTD:close.obj
 0001:00022e80       __close_lk                 00423e80 f   LIBCMTD:close.obj
 0001:00022f30       __freebuf                  00423f30 f   LIBCMTD:_freebuf.obj
 0001:00022fd0       _fflush                    00423fd0 f   LIBCMTD:fflush.obj
 0001:00023020       __fflush_lk                00424020 f   LIBCMTD:fflush.obj
 0001:00023070       __flush                    00424070 f   LIBCMTD:fflush.obj
 0001:00023130       __flushall                 00424130 f   LIBCMTD:fflush.obj
 0001:00023280       __input                    00424280 f   LIBCMTD:input.obj
 0001:00024780       __filbuf                   00425780 f   LIBCMTD:_filbuf.obj
 0001:00024970       __openfile                 00425970 f   LIBCMTD:_open.obj
 0001:00024d00       __getstream                00425d00 f   LIBCMTD:stream.obj
 0001:00024e90       _strchr                    00425e90 f   LIBCMTD:strchr.obj
 0001:00024e96       ___from_strstr_to_strchr   00425e96 f   LIBCMTD:strchr.obj
 0001:00024f50       __setdefaultprecision      00425f50 f   LIBCMTD:fp8.obj
 0001:00024f70       __ms_p5_test_fdiv          00425f70 f   LIBCMTD:testfdiv.obj
 0001:00024fd0       __ms_p5_mp_test_fdiv       00425fd0 f   LIBCMTD:testfdiv.obj
 0001:00025020       __forcdecpt                00426020 f   LIBCMTD:cvt.obj
 0001:000250d0       __cropzeros                004260d0 f   LIBCMTD:cvt.obj
 0001:000251b0       __positive                 004261b0 f   LIBCMTD:cvt.obj
 0001:000251e0       __fassign                  004261e0 f   LIBCMTD:cvt.obj
 0001:00025230       __cftoe                    00426230 f   LIBCMTD:cvt.obj
 0001:00025420       __cftof                    00426420 f   LIBCMTD:cvt.obj
 0001:000255d0       __cftog                    004265d0 f   LIBCMTD:cvt.obj
 0001:000256c0       __cfltcvt                  004266c0 f   LIBCMTD:cvt.obj
 0001:00025750       _gmtime                    00426750 f   LIBCMTD:gmtime.obj
 0001:00025950       _localtime                 00426950 f   LIBCMTD:localtim.obj
 0001:00025bb0       ___tzset                   00426bb0 f   LIBCMTD:tzset.obj
 0001:00025bf0       __tzset                    00426bf0 f   LIBCMTD:tzset.obj
 0001:00025fc0       __isindst                  00426fc0 f   LIBCMTD:tzset.obj
 0001:000264f0       __lseek                    004274f0 f   LIBCMTD:lseek.obj
 0001:00026580       __lseek_lk                 00427580 f   LIBCMTD:lseek.obj
 0001:00026640       ?_set_new_handler@@YAP6AHI@ZP6AHI@Z@Z 00427640 f   LIBCMTD:handler.obj
 0001:00026670       ?_query_new_handler@@YAP6AHI@ZXZ 00427670 f   LIBCMTD:handler.obj
 0001:00026680       __callnewh                 00427680 f   LIBCMTD:handler.obj
 0001:000266b0       __malloc_base              004276b0 f   LIBCMTD:malloc.obj
 0001:000266d0       __nh_malloc_base           004276d0 f   LIBCMTD:malloc.obj
 0001:00026730       __heap_alloc_base          00427730 f   LIBCMTD:malloc.obj
 0001:000267a0       __CrtDefaultAllocHook      004277a0 f   LIBCMTD:dbghook.obj
 0001:000267b0       __expand_base              004277b0 f   LIBCMTD:expand.obj
 0001:00026860       __realloc_base             00427860 f   LIBCMTD:realloc.obj
 0001:00026a50       __free_base                00427a50 f   LIBCMTD:free.obj
 0001:00026ac0       __heapchk                  00427ac0 f   LIBCMTD:heapchk.obj
 0001:00026b40       __heapset                  00427b40 f   LIBCMTD:heapchk.obj
 0001:00026b50       __get_sbh_threshold        00427b50 f   LIBCMTD:sbheap.obj
 0001:00026b60       __set_sbh_threshold        00427b60 f   LIBCMTD:sbheap.obj
 0001:00026b80       ___sbh_heap_init           00427b80 f   LIBCMTD:sbheap.obj
 0001:00026be0       ___sbh_find_block          00427be0 f   LIBCMTD:sbheap.obj
 0001:00026c40       ___sbh_verify_block        00427c40 f   LIBCMTD:sbheap.obj
 0001:00026ca0       ___sbh_free_block          00427ca0 f   LIBCMTD:sbheap.obj
 0001:00027270       ___sbh_alloc_block         00428270 f   LIBCMTD:sbheap.obj
 0001:000277b0       ___sbh_alloc_new_region    004287b0 f   LIBCMTD:sbheap.obj
 0001:000278c0       ___sbh_alloc_new_group     004288c0 f   LIBCMTD:sbheap.obj
 0001:00027ab0       ___sbh_resize_block        00428ab0 f   LIBCMTD:sbheap.obj
 0001:000280a0       ___sbh_heapmin             004290a0 f   LIBCMTD:sbheap.obj
 0001:000281d0       ___sbh_heap_check          004291d0 f   LIBCMTD:sbheap.obj
 0001:000287f0       __isctype                  004297f0 f   LIBCMTD:isctype.obj
 0001:000288b0       __fcloseall                004298b0 f   LIBCMTD:closeall.obj
 0001:00028990       __isatty                   00429990 f   LIBCMTD:isatty.obj
 0001:000289d0       _wctomb                    004299d0 f   LIBCMTD:wctomb.obj
 0001:00028a50       __wctomb_lk                00429a50 f   LIBCMTD:wctomb.obj
 0001:00028af0       __aulldiv                  00429af0 f   LIBCMTD:ulldiv.obj
 0001:00028b60       __aullrem                  00429b60 f   LIBCMTD:ullrem.obj
 0001:00028be0       __itoa                     00429be0 f   LIBCMTD:xtoa.obj
 0001:00028d00       __ltoa                     00429d00 f   LIBCMTD:xtoa.obj
 0001:00028d40       __ultoa                    00429d40 f   LIBCMTD:xtoa.obj
 0001:00028d60       __i64toa                   00429d60 f   LIBCMTD:xtoa.obj
 0001:00028eb0       __ui64toa                  00429eb0 f   LIBCMTD:xtoa.obj
 0001:00028ed0       __snprintf                 00429ed0 f   LIBCMTD:snprintf.obj
 0001:00028fd0       _signal                    00429fd0 f   LIBCMTD:winsig.obj
 0001:000292a0       _raise                     0042a2a0 f   LIBCMTD:winsig.obj
 0001:00029540       ___fpecode                 0042a540 f   LIBCMTD:winsig.obj
 0001:00029550       ___pxcptinfoptrs           0042a550 f   LIBCMTD:winsig.obj
 0001:00029560       ___crtMessageBoxA          0042a560 f   LIBCMTD:crtmbox.obj
 0001:00029620       __setmbcp                  0042a620 f   LIBCMTD:mbctype.obj
 0001:00029de0       __getmbcp                  0042ade0 f   LIBCMTD:mbctype.obj
 0001:00029e00       ___initmbctable            0042ae00 f   LIBCMTD:mbctype.obj
 0001:00029e30       __write                    0042ae30 f   LIBCMTD:write.obj
 0001:00029ec0       __write_lk                 0042aec0 f   LIBCMTD:write.obj
 0001:0002a140       __getbuf                   0042b140 f   LIBCMTD:_getbuf.obj
 0001:0002a210       __alloc_osfhnd             0042b210 f   LIBCMTD:osfinfo.obj
 0001:0002a400       __set_osfhnd               0042b400 f   LIBCMTD:osfinfo.obj
 0001:0002a4c0       __free_osfhnd              0042b4c0 f   LIBCMTD:osfinfo.obj
 0001:0002a5a0       __get_osfhandle            0042b5a0 f   LIBCMTD:osfinfo.obj
 0001:0002a610       __open_osfhandle           0042b610 f   LIBCMTD:osfinfo.obj
 0001:0002a720       __lock_fhandle             0042b720 f   LIBCMTD:osfinfo.obj
 0001:0002a7b0       __unlock_fhandle           0042b7b0 f   LIBCMTD:osfinfo.obj
 0001:0002a7e0       __dosmaperr                0042b7e0 f   LIBCMTD:dosmap.obj
 0001:0002a880       __errno                    0042b880 f   LIBCMTD:dosmap.obj
 0001:0002a890       ___doserrno                0042b890 f   LIBCMTD:dosmap.obj
 0001:0002a8a0       __commit                   0042b8a0 f   LIBCMTD:commit.obj
 0001:0002a980       _mbtowc                    0042b980 f   LIBCMTD:mbtowc.obj
 0001:0002aa00       __mbtowc_lk                0042ba00 f   LIBCMTD:mbtowc.obj
 0001:0002ab60       _isalpha                   0042bb60 f   LIBCMTD:_ctype.obj
 0001:0002abb0       _isupper                   0042bbb0 f   LIBCMTD:_ctype.obj
 0001:0002abf0       _islower                   0042bbf0 f   LIBCMTD:_ctype.obj
 0001:0002ac30       _isdigit                   0042bc30 f   LIBCMTD:_ctype.obj
 0001:0002ac70       _isxdigit                  0042bc70 f   LIBCMTD:_ctype.obj
 0001:0002acc0       _isspace                   0042bcc0 f   LIBCMTD:_ctype.obj
 0001:0002ad00       _ispunct                   0042bd00 f   LIBCMTD:_ctype.obj
 0001:0002ad40       _isalnum                   0042bd40 f   LIBCMTD:_ctype.obj
 0001:0002ad90       _isprint                   0042bd90 f   LIBCMTD:_ctype.obj
 0001:0002ade0       _isgraph                   0042bde0 f   LIBCMTD:_ctype.obj
 0001:0002ae30       _iscntrl                   0042be30 f   LIBCMTD:_ctype.obj
 0001:0002ae70       ___isascii                 0042be70 f   LIBCMTD:_ctype.obj
 0001:0002ae80       ___toascii                 0042be80 f   LIBCMTD:_ctype.obj
 0001:0002ae90       ___iscsymf                 0042be90 f   LIBCMTD:_ctype.obj
 0001:0002aef0       ___iscsym                  0042bef0 f   LIBCMTD:_ctype.obj
 0001:0002af50       __allshl                   0042bf50 f   LIBCMTD:llshl.obj
 0001:0002af70       _ungetc                    0042bf70 f   LIBCMTD:ungetc.obj
 0001:0002afe0       __ungetc_lk                0042bfe0 f   LIBCMTD:ungetc.obj
 0001:0002b120       __read                     0042c120 f   LIBCMTD:read.obj
 0001:0002b1b0       __read_lk                  0042c1b0 f   LIBCMTD:read.obj
 0001:0002b600       __open                     0042c600 f   LIBCMTD:open.obj
 0001:0002b640       __sopen                    0042c640 f   LIBCMTD:open.obj
 0001:0002bba0       __statusfp                 0042cba0 f   LIBCMTD:ieee87.obj
 0001:0002bbc0       __clearfp                  0042cbc0 f   LIBCMTD:ieee87.obj
 0001:0002bbe0       __control87                0042cbe0 f   LIBCMTD:ieee87.obj
 0001:0002bc30       __controlfp                0042cc30 f   LIBCMTD:ieee87.obj
 0001:0002bc50       __fpreset                  0042cc50 f   LIBCMTD:ieee87.obj
 0001:0002c040       __tolower                  0042d040 f   LIBCMTD:tolower.obj
 0001:0002c050       _tolower                   0042d050 f   LIBCMTD:tolower.obj
 0001:0002c0f0       __tolower_lk               0042d0f0 f   LIBCMTD:tolower.obj
 0001:0002c220       __ZeroTail                 0042d220 f   LIBCMTD:intrncvt.obj
 0001:0002c2b0       __IncMan                   0042d2b0 f   LIBCMTD:intrncvt.obj
 0001:0002c360       __RoundMan                 0042d360 f   LIBCMTD:intrncvt.obj
 0001:0002c440       __CopyMan                  0042d440 f   LIBCMTD:intrncvt.obj
 0001:0002c490       __FillZeroMan              0042d490 f   LIBCMTD:intrncvt.obj
 0001:0002c4c0       __IsZeroMan                0042d4c0 f   LIBCMTD:intrncvt.obj
 0001:0002c500       __ShrMan                   0042d500 f   LIBCMTD:intrncvt.obj
 0001:0002c5f0       __ld12cvt                  0042d5f0 f   LIBCMTD:intrncvt.obj
 0001:0002c840       __ld12tod                  0042d840 f   LIBCMTD:intrncvt.obj
 0001:0002c860       __ld12tof                  0042d860 f   LIBCMTD:intrncvt.obj
 0001:0002c880       __ld12told                 0042d880 f   LIBCMTD:intrncvt.obj
 0001:0002c940       __atodbl                   0042d940 f   LIBCMTD:intrncvt.obj
 0001:0002c980       __atoldbl                  0042d980 f   LIBCMTD:intrncvt.obj
 0001:0002c9c0       __atoflt                   0042d9c0 f   LIBCMTD:intrncvt.obj
 0001:0002ca00       __fptostr                  0042da00 f   LIBCMTD:_fptostr.obj
 0001:0002cb00       __fltout2                  0042db00 f   LIBCMTD:cfout.obj
 0001:0002cb80       ___dtold                   0042db80 f   LIBCMTD:cfout.obj
 0001:0002ccf0       _memmove                   0042dcf0 f   LIBCMTD:memmove.obj
 0001:0002d030       __fptrap                   0042e030 f   LIBCMTD:crt0fp.obj
 0001:0002d040       _atol                      0042e040 f   LIBCMTD:atox.obj
 0001:0002d140       _atoi                      0042e140 f   LIBCMTD:atox.obj
 0001:0002d160       __atoi64                   0042e160 f   LIBCMTD:atox.obj
 0001:0002d290       _getenv                    0042e290 f   LIBCMTD:getenv.obj
 0001:0002d2c0       __getenv_lk                0042e2c0 f   LIBCMTD:getenv.obj
 0001:0002d390       ___crtGetStringTypeA       0042e390 f   LIBCMTD:a_str.obj
 0001:0002d550       _setlocale                 0042e550 f   LIBCMTD:setlocal.obj
 0001:0002dbe0       __expandlocale             0042ebe0 f   LIBCMTD:setlocal.obj
 0001:0002dd70       ___init_dummy              0042ed70 f   LIBCMTD:setlocal.obj
 0001:0002dd80       __strcats                  0042ed80 f   LIBCMTD:setlocal.obj
 0001:0002ddd0       ___lc_strtolc              0042edd0 f   LIBCMTD:setlocal.obj
 0001:0002df30       ___lc_lctostr              0042ef30 f   LIBCMTD:setlocal.obj
 0001:0002dfa0       ___crtLCMapStringA         0042efa0 f   LIBCMTD:a_map.obj
 0001:0002e300       __chsize                   0042f300 f   LIBCMTD:chsize.obj
 0001:0002e380       __chsize_lk                0042f380 f   LIBCMTD:chsize.obj
 0001:0002e5b0       ___addl                    0042f5b0 f   LIBCMTD:mantold.obj
 0001:0002e5f0       ___add_12                  0042f5f0 f   LIBCMTD:mantold.obj
 0001:0002e6a0       ___shl_12                  0042f6a0 f   LIBCMTD:mantold.obj
 0001:0002e700       ___shr_12                  0042f700 f   LIBCMTD:mantold.obj
 0001:0002e770       ___mtold12                 0042f770 f   LIBCMTD:mantold.obj
 0001:0002e8b0       ___strgtold12              0042f8b0 f   LIBCMTD:strgtold.obj
 0001:0002f3e0       ___STRINGTOLD              004303e0 f   LIBCMTD:strgtold.obj
 0001:0002f430       _$I10_OUTPUT               00430430 f   LIBCMTD:x10fout.obj
 0001:0002f950       __allmul                   00430950 f   LIBCMTD:llmul.obj
 0001:0002f990       __mbsnbicoll               00430990 f   LIBCMTD:mbsnbico.obj
 0001:0002f9e0       ___wtomb_environ           004309e0 f   LIBCMTD:wtombenv.obj
 0001:0002fa90       ___init_time               00430a90 f   LIBCMTD:inittime.obj
 0001:00030410       ___init_numeric            00431410 f   LIBCMTD:initnum.obj
 0001:00030740       ___init_monetary           00431740 f   LIBCMTD:initmon.obj
 0001:00030ba0       ___init_ctype              00431ba0 f   LIBCMTD:initctyp.obj
 0001:00030f40       ___init_collate            00431f40 f   LIBCMTD:initcoll.obj
 0001:00030f50       _strcspn                   00431f50 f   LIBCMTD:strcspn.obj
 0001:00030f90       _strncmp                   00431f90 f   LIBCMTD:strncmp.obj
 0001:00030fd0       _strpbrk                   00431fd0 f   LIBCMTD:strpbrk.obj
 0001:00031010       ___get_qualified_locale    00432010 f   LIBCMTD:getqloc.obj
 0001:00031db0       __setmode                  00432db0 f   LIBCMTD:setmode.obj
 0001:00031e30       __setmode_lk               00432e30 f   LIBCMTD:setmode.obj
 0001:00031f00       ___ld12mul                 00432f00 f   LIBCMTD:tenpow.obj
 0001:00032340       ___multtenpow12            00433340 f   LIBCMTD:tenpow.obj
 0001:00032410       ___crtCompareStringA       00433410 f   LIBCMTD:a_cmp.obj
 0001:00032860       ___crtsetenv               00433860 f   LIBCMTD:setenv.obj
 0001:00032cb0       __Getdays                  00433cb0 f   LIBCMTD:strftime.obj
 0001:00032de0       __Getmonths                00433de0 f   LIBCMTD:strftime.obj
 0001:00032f10       __Gettnames                00433f10 f   LIBCMTD:strftime.obj
 0001:00033280       _strftime                  00434280 f   LIBCMTD:strftime.obj
 0001:000332a0       __Strftime                 004342a0 f   LIBCMTD:strftime.obj
 0001:00034120       ___getlocaleinfo           00435120 f   LIBCMTD:inithelp.obj
 0001:000343b0       _localeconv                004353b0 f   LIBCMTD:lconv.obj
 0001:000343c0       ___crtGetStringTypeW       004353c0 f   LIBCMTD:w_str.obj
 0001:00034630       __stricmp                  00435630 f   LIBCMTD:stricmp.obj
 0001:00034630       __strcmpi                  00435630 f   LIBCMTD:stricmp.obj
 0001:00034700       __strnicmp                 00435700 f   LIBCMTD:strnicmp.obj
 0001:00034810       __mbschr                   00435810 f   LIBCMTD:mbschr.obj
 0001:00034900       ___crtGetLocaleInfoW       00435900 f   LIBCMTD:w_loc.obj
 0001:00034aa0       ___crtGetLocaleInfoA       00435aa0 f   LIBCMTD:a_loc.obj
 0001:00034c50       _xmlStrcmp                 00435c50 f   xml2:libxml2.dll
 0001:00034c56       _xmlNodeGetContent         00435c56 f   xml2:libxml2.dll
 0001:00034c5c       _xmlFreeDoc                00435c5c f   xml2:libxml2.dll
 0001:00034c62       _xmlDocGetRootElement      00435c62 f   xml2:libxml2.dll
 0001:00034c68       _xmlReadFile               00435c68 f   xml2:libxml2.dll
 0001:00034c6e       _CreateFileA@28            00435c6e f   kernel32:KERNEL32.dll
 0001:00034c74       _CreateFileMappingA@24     00435c74 f   kernel32:KERNEL32.dll
 0001:00034c7a       _MapViewOfFile@20          00435c7a f   kernel32:KERNEL32.dll
 0001:00034c80       _OpenFileMappingA@12       00435c80 f   kernel32:KERNEL32.dll
 0001:00034c86       _CloseHandle@4             00435c86 f   kernel32:KERNEL32.dll
 0001:00034c8c       _GetFileSize@8             00435c8c f   kernel32:KERNEL32.dll
 0001:00034c92       _UnmapViewOfFile@4         00435c92 f   kernel32:KERNEL32.dll
 0001:00034c98       _Sleep@4                   00435c98 f   kernel32:KERNEL32.dll
 0001:00034c9e       _VirtualLock@8             00435c9e f   kernel32:KERNEL32.dll
 0001:00034ca4       _GetLastError@0            00435ca4 f   kernel32:KERNEL32.dll
 0001:00034caa       _SetProcessWorkingSetSize@12 00435caa f   kernel32:KERNEL32.dll
 0001:00034cb0       _GetCurrentProcess@0       00435cb0 f   kernel32:KERNEL32.dll
 0001:00034cb6       _VirtualUnlock@8           00435cb6 f   kernel32:KERNEL32.dll
 0001:00034cbc       _GetLocalTime@4            00435cbc f   kernel32:KERNEL32.dll
 0001:00034cc2       _DeviceIoControl@32        00435cc2 f   kernel32:KERNEL32.dll
 0001:00034cc8       _FreeConsole@0             00435cc8 f   kernel32:KERNEL32.dll
 0001:00034cce       _ExitProcess@4             00435cce f   kernel32:KERNEL32.dll
 0001:00034cd4       _TerminateProcess@8        00435cd4 f   kernel32:KERNEL32.dll
 0001:00034cda       _GetCommandLineA@0         00435cda f   kernel32:KERNEL32.dll
 0001:00034ce0       _GetVersion@0              00435ce0 f   kernel32:KERNEL32.dll
 0001:00034ce6       _IsBadWritePtr@8           00435ce6 f   kernel32:KERNEL32.dll
 0001:00034cec       _IsBadReadPtr@8            00435cec f   kernel32:KERNEL32.dll
 0001:00034cf2       _HeapValidate@12           00435cf2 f   kernel32:KERNEL32.dll
 0001:00034cf8       _InitializeCriticalSection@4 00435cf8 f   kernel32:KERNEL32.dll
 0001:00034cfe       _DeleteCriticalSection@4   00435cfe f   kernel32:KERNEL32.dll
 0001:00034d04       _EnterCriticalSection@4    00435d04 f   kernel32:KERNEL32.dll
 0001:00034d0a       _LeaveCriticalSection@4    00435d0a f   kernel32:KERNEL32.dll
 0001:00034d10       _FatalAppExitA@8           00435d10 f   kernel32:KERNEL32.dll
 0001:00034d16       _DebugBreak@0              00435d16 f   kernel32:KERNEL32.dll
 0001:00034d1c       _GetStdHandle@4            00435d1c f   kernel32:KERNEL32.dll
 0001:00034d22       _WriteFile@20              00435d22 f   kernel32:KERNEL32.dll
 0001:00034d28       _InterlockedDecrement@4    00435d28 f   kernel32:KERNEL32.dll
 0001:00034d2e       _OutputDebugStringA@4      00435d2e f   kernel32:KERNEL32.dll
 0001:00034d34       _GetProcAddress@8          00435d34 f   kernel32:KERNEL32.dll
 0001:00034d3a       _LoadLibraryA@4            00435d3a f   kernel32:KERNEL32.dll
 0001:00034d40       _InterlockedIncrement@4    00435d40 f   kernel32:KERNEL32.dll
 0001:00034d46       _GetModuleFileNameA@12     00435d46 f   kernel32:KERNEL32.dll
 0001:00034d4c       _UnhandledExceptionFilter@4 00435d4c f   kernel32:KERNEL32.dll
 0001:00034d52       _FreeEnvironmentStringsA@4 00435d52 f   kernel32:KERNEL32.dll
 0001:00034d58       _FreeEnvironmentStringsW@4 00435d58 f   kernel32:KERNEL32.dll
 0001:00034d5e       _WideCharToMultiByte@32    00435d5e f   kernel32:KERNEL32.dll
 0001:00034d64       _GetEnvironmentStrings@0   00435d64 f   kernel32:KERNEL32.dll
 0001:00034d6a       _GetEnvironmentStringsW@0  00435d6a f   kernel32:KERNEL32.dll
 0001:00034d70       _SetHandleCount@4          00435d70 f   kernel32:KERNEL32.dll
 0001:00034d76       _GetFileType@4             00435d76 f   kernel32:KERNEL32.dll
 0001:00034d7c       _GetStartupInfoA@4         00435d7c f   kernel32:KERNEL32.dll
 0001:00034d82       _GetCurrentThreadId@0      00435d82 f   kernel32:KERNEL32.dll
 0001:00034d88       _TlsSetValue@8             00435d88 f   kernel32:KERNEL32.dll
 0001:00034d8e       _TlsAlloc@0                00435d8e f   kernel32:KERNEL32.dll
 0001:00034d94       _TlsFree@4                 00435d94 f   kernel32:KERNEL32.dll
 0001:00034d9a       _SetLastError@4            00435d9a f   kernel32:KERNEL32.dll
 0001:00034da0       _TlsGetValue@4             00435da0 f   kernel32:KERNEL32.dll
 0001:00034da6       _GetCurrentThread@0        00435da6 f   kernel32:KERNEL32.dll
 0001:00034dac       _HeapDestroy@4             00435dac f   kernel32:KERNEL32.dll
 0001:00034db2       _HeapCreate@12             00435db2 f   kernel32:KERNEL32.dll
 0001:00034db8       _HeapFree@12               00435db8 f   kernel32:KERNEL32.dll
 0001:00034dbe       _VirtualFree@12            00435dbe f   kernel32:KERNEL32.dll
 0001:00034dc4       _RtlUnwind@16              00435dc4 f   kernel32:KERNEL32.dll
 0001:00034dca       _GetModuleHandleA@4        00435dca f   kernel32:KERNEL32.dll
 0001:00034dd0       _GetTimeZoneInformation@4  00435dd0 f   kernel32:KERNEL32.dll
 0001:00034dd6       _SetFilePointer@16         00435dd6 f   kernel32:KERNEL32.dll
 0001:00034ddc       _HeapAlloc@12              00435ddc f   kernel32:KERNEL32.dll
 0001:00034de2       _HeapReAlloc@16            00435de2 f   kernel32:KERNEL32.dll
 0001:00034de8       _VirtualAlloc@16           00435de8 f   kernel32:KERNEL32.dll
 0001:00034dee       _SetConsoleCtrlHandler@8   00435dee f   kernel32:KERNEL32.dll
 0001:00034df4       _GetCPInfo@8               00435df4 f   kernel32:KERNEL32.dll
 0001:00034dfa       _GetACP@0                  00435dfa f   kernel32:KERNEL32.dll
 0001:00034e00       _GetOEMCP@0                00435e00 f   kernel32:KERNEL32.dll
 0001:00034e06       _SetStdHandle@8            00435e06 f   kernel32:KERNEL32.dll
 0001:00034e0c       _FlushFileBuffers@4        00435e0c f   kernel32:KERNEL32.dll
 0001:00034e12       _MultiByteToWideChar@24    00435e12 f   kernel32:KERNEL32.dll
 0001:00034e18       _ReadFile@20               00435e18 f   kernel32:KERNEL32.dll
 0001:00034e1e       _GetStringTypeA@20         00435e1e f   kernel32:KERNEL32.dll
 0001:00034e24       _GetStringTypeW@16         00435e24 f   kernel32:KERNEL32.dll
 0001:00034e2a       _LCMapStringA@24           00435e2a f   kernel32:KERNEL32.dll
 0001:00034e30       _LCMapStringW@24           00435e30 f   kernel32:KERNEL32.dll
 0001:00034e36       _SetEndOfFile@4            00435e36 f   kernel32:KERNEL32.dll
 0001:00034e3c       _IsValidLocale@8           00435e3c f   kernel32:KERNEL32.dll
 0001:00034e42       _IsValidCodePage@4         00435e42 f   kernel32:KERNEL32.dll
 0001:00034e48       _GetLocaleInfoA@16         00435e48 f   kernel32:KERNEL32.dll
 0001:00034e4e       _EnumSystemLocalesA@8      00435e4e f   kernel32:KERNEL32.dll
 0001:00034e54       _GetUserDefaultLCID@0      00435e54 f   kernel32:KERNEL32.dll
 0001:00034e5a       _GetVersionExA@4           00435e5a f   kernel32:KERNEL32.dll
 0001:00034e60       _CompareStringA@24         00435e60 f   kernel32:KERNEL32.dll
 0001:00034e66       _CompareStringW@24         00435e66 f   kernel32:KERNEL32.dll
 0001:00034e6c       _SetEnvironmentVariableA@8 00435e6c f   kernel32:KERNEL32.dll
 0001:00034e72       _GetLocaleInfoW@16         00435e72 f   kernel32:KERNEL32.dll
 0001:00034e78       _gethostname@8             00435e78 f   wsock32:WSOCK32.dll
 0001:00034e7e       _inet_addr@4               00435e7e f   wsock32:WSOCK32.dll
 0001:00034e84       _WSAStartup@8              00435e84 f   wsock32:WSOCK32.dll
 0001:00034e90       _CreateEmsEnv              00435e90 f   ipclib:ipc_lib.obj
 0001:0003527b       _CreateShareMemory         0043627b f   ipclib:ipc_lib.obj
 0001:0003539e       _UnlinkShareMemory         0043639e f   ipclib:ipc_lib.obj
 0001:0003541a       _CreateSemSet              0043641a f   ipclib:ipc_lib.obj
 0001:0003554f       _LinktoShareMem            0043654f f   ipclib:ipc_lib.obj
 0001:00035683       _LinktoSemSet              00436683 f   ipclib:ipc_lib.obj
 0001:000357b0       _WaitforSem                004367b0 f   ipclib:ipc_lib.obj
 0001:00035946       _ReleaseReadSem            00436946 f   ipclib:ipc_lib.obj
 0001:00035a2f       _ReleaseWriteSem           00436a2f f   ipclib:ipc_lib.obj
 0001:00035b18       _WaitforSysLogMutex        00436b18 f   ipclib:ipc_lib.obj
 0001:00035b91       _ReleaseSysLogMutex        00436b91 f   ipclib:ipc_lib.obj
 0001:00035bb4       _CreateLockFile            00436bb4 f   ipclib:ipc_lib.obj
 0001:00035c6f       _ClearEmsEnv               00436c6f f   ipclib:ipc_lib.obj
 0001:00035c74       _InitThreadMutex           00436c74 f   ipclib:ipc_lib.obj
 0001:00035c9c       _GetThreadMutex            00436c9c f   ipclib:ipc_lib.obj
 0001:00035cc9       _ReleaseThreadMutex        00436cc9 f   ipclib:ipc_lib.obj
 0001:00035cf4       _NoConsoleSystemCmd        00436cf4 f   ipclib:ipc_lib.obj
 0001:00035f40       ___dtoxmode                00436f40 f   LIBCMTD:stat.obj
 0001:00036090       _stat                      00437090 f   LIBCMTD:stat.obj
 0001:00036090       __stat                     00437090 f   LIBCMTD:stat.obj
 0001:00036610       _strupr                    00437610 f   LIBCMTD:strupr.obj
 0001:00036610       __strupr                   00437610 f   LIBCMTD:strupr.obj
 0001:000367d0       __mbsicmp                  004377d0 f   LIBCMTD:mbsicmp.obj
 0001:00036a70       __mbsrchr                  00437a70 f   LIBCMTD:mbsrchr.obj
 0001:00036b40       ___loctotime_t             00437b40 f   LIBCMTD:dtoxtime.obj
 0001:00036c30       __fullpath                 00437c30 f   LIBCMTD:fullpath.obj
 0001:00036d10       __getdrive                 00437d10 f   LIBCMTD:drive.obj
 0001:00036d70       __chdrive                  00437d70 f   LIBCMTD:drive.obj
 0001:00036e00       __mbctolower               00437e00 f   LIBCMTD:mbtolwr.obj
 0001:00036ee0       __mbspbrk                  00437ee0 f   LIBCMTD:mbspbrk.obj
 0001:00037020       __getcwd                   00438020 f   LIBCMTD:getcwd.obj
 0001:00037060       __getdcwd                  00438060 f   LIBCMTD:getcwd.obj
 0001:000370a0       __getdcwd_lk               004380a0 f   LIBCMTD:getcwd.obj
 0001:000371c0       __validdrive               004381c0 f   LIBCMTD:getcwd.obj
 0001:00037210       __toupper                  00438210 f   LIBCMTD:toupper.obj
 0001:00037220       _toupper                   00438220 f   LIBCMTD:toupper.obj
 0001:000372c0       __toupper_lk               004382c0 f   LIBCMTD:toupper.obj
 0001:000373ec       _CreateSemaphoreA@16       004383ec f   kernel32:KERNEL32.dll
 0001:000373f2       _CreateMutexA@12           004383f2 f   kernel32:KERNEL32.dll
 0001:000373f8       _OpenSemaphoreA@12         004383f8 f   kernel32:KERNEL32.dll
 0001:000373fe       _OpenMutexA@12             004383fe f   kernel32:KERNEL32.dll
 0001:00037404       _WaitForSingleObject@8     00438404 f   kernel32:KERNEL32.dll
 0001:0003740a       _ReleaseSemaphore@12       0043840a f   kernel32:KERNEL32.dll
 0001:00037410       _ReleaseMutex@4            00438410 f   kernel32:KERNEL32.dll
 0001:00037416       _CreateProcessA@40         00438416 f   kernel32:KERNEL32.dll
 0001:0003741c       _CreatePipe@16             0043841c f   kernel32:KERNEL32.dll
 0001:00037422       _FindClose@4               00438422 f   kernel32:KERNEL32.dll
 0001:00037428       _FileTimeToSystemTime@8    00438428 f   kernel32:KERNEL32.dll
 0001:0003742e       _FileTimeToLocalFileTime@8 0043842e f   kernel32:KERNEL32.dll
 0001:00037434       _GetDriveTypeA@4           00438434 f   kernel32:KERNEL32.dll
 0001:0003743a       _FindFirstFileA@8          0043843a f   kernel32:KERNEL32.dll
 0001:00037440       _GetFullPathNameA@16       00438440 f   kernel32:KERNEL32.dll
 0001:00037446       _GetCurrentDirectoryA@8    00438446 f   kernel32:KERNEL32.dll
 0001:0003744c       _SetCurrentDirectoryA@4    0043844c f   kernel32:KERNEL32.dll
 0001:00046020       __enc$textbss$begin        00447020     <linker-defined>
 0001:00061b20       __enc$textbss$end          00462b20     <linker-defined>
 0002:0000001c       ??_C@_04OAHI@Time?$AA@     0046301c     db_test.obj
 0002:00000024       ??_C@_06JDBI@Object?$AA@   00463024     db_test.obj
 0002:0000002c       ??_C@_0P@OHLE@Temp?5Character?$AA@ 0046302c     db_test.obj
 0002:00000040       ??_C@_09IOKP@Parameter?$AA@ 00463040     db_test.obj
 0002:0000004c       ??_C@_05CFLF@Curve?$AA@    0046304c     db_test.obj
 0002:00000054       ??_C@_0BA@INHL@Calcu?5Measurand?$AA@ 00463054     db_test.obj
 0002:00000068       ??_C@_0BC@JOHI@Output?5Indication?$AA@ 00463068     db_test.obj
 0002:00000080       ??_C@_0BB@EDBJ@Output?5Measurand?$AA@ 00463080     db_test.obj
 0002:00000094       ??_C@_0L@OCCN@Infomation?$AA@ 00463094     db_test.obj
 0002:000000a4       ??_C@_0L@EFMM@Indication?$AA@ 004630a4     db_test.obj
 0002:000000b4       ??_C@_03IJFE@SOE?$AA@      004630b4     db_test.obj
 0002:000000b8       ??_C@_07JPPB@Impulse?$AA@  004630b8     db_test.obj
 0002:000000c4       ??_C@_09PHHH@Measurand?$AA@ 004630c4     db_test.obj
 0002:000000d0       ??_C@_06CEA@?J?$LB?$LM?d?$LF?c?$AA@ 004630d0     db_test.obj
 0002:000000d8       ??_C@_08ENBB@?I?h?$LB?$LI?$LG?T?O?s?$AA@ 004630d8     db_test.obj
 0002:000000e4       ??_C@_0L@IEMJ@?N?B?$LG?H?L?X?U?w?V?$LF?$AA@ 004630e4     db_test.obj
 0002:000000f4       ??_C@_06NPKM@?U?$PL?$LG?$KI?V?$LF?$AA@ 004630f4     db_test.obj
 0002:000000fc       ??_C@_06EFFB@?G?z?O?$NP?$LF?c?$AA@ 004630fc     db_test.obj
 0002:00000104       ??_C@_06MEEH@?$LM?F?K?c?A?$LP?$AA@ 00463104     db_test.obj
 0002:0000010c       ??_C@_0L@OFIL@?$LP?$KK?$LJ?X?J?d?$LD?v?A?$LP?$AA@ 0046310c     db_test.obj
 0002:0000011c       ??_C@_0L@JIDP@?D?$KD?D?b?J?d?$LD?v?A?$LP?$AA@ 0046311c     db_test.obj
 0002:0000012c       ??_C@_0L@NGCP@?W?$NL?$LK?O?P?E?O?$KC?A?$LP?$AA@ 0046312c     db_test.obj
 0002:0000013c       ??_C@_0L@PBII@?I?$KI?$LC?i?$LP?$KK?H?k?A?$LP?$AA@ 0046313c     db_test.obj
 0002:0000014c       ??_C@_0L@CEEP@?V?P?$LG?O?$LP?$KK?H?k?A?$LP?$AA@ 0046314c     db_test.obj
 0002:0000015c       ??_C@_06PJHH@?B?v?$LD?e?A?$LP?$AA@ 0046315c     db_test.obj
 0002:00000164       ??_C@_06EADP@?D?$KD?D?b?A?$LP?$AA@ 00463164     db_test.obj
 0002:0000016c       ??_C@_03BKGA@TME?$AA@      0046316c     db_test.obj
 0002:00000170       ??_C@_03IINI@OBJ?$AA@      00463170     db_test.obj
 0002:00000174       ??_C@_03GDDH@CHA?$AA@      00463174     db_test.obj
 0002:00000178       ??_C@_03OJHM@PAM?$AA@      00463178     db_test.obj
 0002:0000017c       ??_C@_03KGAD@CUR?$AA@      0046317c     db_test.obj
 0002:00000180       ??_C@_03JELK@CAL?$AA@      00463180     db_test.obj
 0002:00000184       ??_C@_03NEHL@OUS?$AA@      00463184     db_test.obj
 0002:00000188       ??_C@_03CICF@OUA?$AA@      00463188     db_test.obj
 0002:0000018c       ??_C@_03MCAA@SYS?$AA@      0046318c     db_test.obj
 0002:00000190       ??_C@_03IBEA@POL?$AA@      00463190     db_test.obj
 0002:00000194       ??_C@_03IJOL@INT?$AA@      00463194     db_test.obj
 0002:00000198       ??_C@_03BIEI@IMP?$AA@      00463198     db_test.obj
 0002:0000019c       ??_C@_03LAOF@ANA?$AA@      0046319c     db_test.obj
 0002:000001a0       ??_C@_00A@?$AA@            004631a0     db_test.obj
 0002:000001a4       ??_C@_0CH@LOAO@?6No?5this?5point?5in?5database?5?$CFd?4?$CFd@ 004631a4     db_test.obj
 0002:000001d4       ??_C@_0BL@DIEO@?6No?5this?5point?5in?5database?$AA@ 004631d4     db_test.obj
 0002:000001f4       ??_C@_0P@KPGN@read?5name?5?$DN?$CFs?6?$AA@ 004631f4     db_test.obj
 0002:00000208       ??_C@_03MCD@?6?$CFs?$AA@   00463208     db_test.obj
 0002:0000020c       ??_C@_0BC@PHFP@?6Fail?5to?5MountDB?$CB?$AA@ 0046320c     db_test.obj
 0002:00000224       ??_C@_09CBMK@?6size?$DN?5?$CFd?$AA@ 00463224     db_test.obj
 0002:00000230       ??_C@_0CD@LPNH@?6?N?$NO?$LK?O?$LH?$KI?J?Z?H?$KI?N?D?$LM?$PO?0?5H9000?O?$LF?M?$LD?N?$NO?$LH?$KI?T?K@ 00463230     dblib:MountDB.obj
 0002:00000254       ??_C@_06KKCN@?$CFs?$CFs?$CFs?$AA@ 00463254     dblib:MountDB.obj
 0002:0000025c       ??_C@_0M@JCOK@?$CFs?5?$CFs?5?$CFs?5?$CFs?$AA@ 0046325c     dblib:MountDB.obj
 0002:00000268       ??_C@_0BA@CDFN@Fail?5to?5open?5?$CFs?$AA@ 00463268     dblib:MountDB.obj
 0002:00000278       ??_C@_01LHO@r?$AA@         00463278     dblib:MountDB.obj
 0002:0000027c       ??_C@_04DCMN@?$CFs?$CFs?$AA@ 0046327c     dblib:MountDB.obj
 0002:00000284       ??_C@_0BF@MLFF@?2home?2ems?2h9000?2def?2?$AA@ 00463284     dblib:MountDB.obj
 0002:0000029c       ??_C@_0BC@LCBG@h9000_license?4def?$AA@ 0046329c     dblib:MountDB.obj
 0002:000002b0       ??_C@_0BE@IDOA@Fail?5to?5gethostname?$AA@ 004632b0     dblib:MountDB.obj
 0002:000002c4       ??_C@_02DILL@?$CFs?$AA@    004632c4     dblib:MountDB.obj
 0002:000002c8       ??_C@_0BF@BDJH@?2home?2ems?2h9000?2tmp?2?$AA@ 004632c8     dblib:MountDB.obj
 0002:000002e0       ??_C@_0BF@DOGK@?4h9000_test_info?4dxe?$AA@ 004632e0     dblib:MountDB.obj
 0002:000002f8       ??_C@_0BJ@DLCO@Right?5version?5must?5be?5?$CFs?$AA@ 004632f8     dblib:MountDB.obj
 0002:00000314       ??_C@_0CA@CMH@Load?5database?5version?$CI?$CFs?$CJ?5error?$AA@ 00463314     dblib:MountDB.obj
 0002:00000334       ??_C@_06MCBO@4?43?402?$AA@ 00463334     dblib:MountDB.obj
 0002:0000033c       ??_C@_0BA@KPCB@Fail?5to?5load?5?$CFs?$AA@ 0046333c     dblib:MountDB.obj
 0002:0000034c       ??_C@_0BM@BHKP@Fail?5to?5mount?5database?5file?$AA@ 0046334c     dblib:MountDB.obj
 0002:00000368       ??_C@_09GCAA@?4?4?2def?2?$CFs?$AA@ 00463368     dblib:MountDB.obj
 0002:00000374       ??_C@_09PNBA@?4?4?2dat?2?$CFs?$AA@ 00463374     dblib:MountDB.obj
 0002:00000380       ??_C@_02NFKO@?3?2?$AA@     00463380     dblib:MountDB.obj
 0002:00000384       ??_C@_0BA@HAKM@host_config?4def?$AA@ 00463384     dblib:MountDB.obj
 0002:00000394       ??_C@_0P@KANB@ems_config?4def?$AA@ 00463394     dblib:MountDB.obj
 0002:000003a4       ??_C@_0BF@MEPD@?2home?2ems?2h9000?2dat?2?$AA@ 004633a4     dblib:MountDB.obj
 0002:000003bc       ??_C@_0N@IMCA@DATABASE?4OUT?$AA@ 004633bc     dblib:MountDB.obj
 0002:000003cc       ??_C@_0BC@GMKO@CreateFile?5failed?$AA@ 004633cc     dblib:MountDB.obj
 0002:000003e0       ??_C@_0BJ@CMFA@CreateFileMapping?5failed?$AA@ 004633e0     dblib:MountDB.obj
 0002:000003fc       ??_C@_0BF@MCHD@MapViewOfFile?5failed?$AA@ 004633fc     dblib:MountDB.obj
 0002:00000414       ??_C@_0BH@HNDA@OpenFileMapping?5failed?$AA@ 00463414     dblib:MountDB.obj
 0002:0000042c       ??_C@_0BI@OOCO@Fail?5ot?5mapview?5file?5?$CFs?$AA@ 0046342c     dblib:MountDB.obj
 0002:00000444       ??_C@_0BE@KJDN@Fail?5ot?5map?5file?5?$CFs?$AA@ 00463444     dblib:MountDB.obj
 0002:00000458       ??_C@_0CH@BEKE@file?5?$CFs?5length?5error?3?5file?5?$CFd?0?5n@ 00463458     dblib:MountDB.obj
 0002:00000480       ??_C@_0BP@EDIB@Unknown?5data?5type?5?$CFd?5in?5new?5db?$AA@ 00463480     dblib:MountDB.obj
 0002:000004a0       ??_C@_0BL@BOHE@?6No?5?$CFs?5in?5the?5old?5database?$AA@ 004634a0     dblib:MountDB.obj
[...]
 0003:00001df4       __ldused                   00468df4     LIBCMTD:fpinit.obj
 0003:00001df8       __FPinit                   00468df8     LIBCMTD:fpinit.obj
 0003:00001dfc       __FPmtinit                 00468dfc     LIBCMTD:fpinit.obj
 0003:00001e00       __FPmtterm                 00468e00     LIBCMTD:fpinit.obj
 0003:00001e10       __crtDbgFlag               00468e10     LIBCMTD:dbgheap.obj
 0003:00001e18       __crtBreakAlloc            00468e18     LIBCMTD:dbgheap.obj
 0003:00001e34       __locktable                00468e34     LIBCMTD:mlock.obj
 0003:00001ef8       __iob                      00468ef8     LIBCMTD:_file.obj
 0003:00002178       ___nullstring              00469178     LIBCMTD:output.obj
 0003:0000217c       ___wnullstring             0046917c     LIBCMTD:output.obj
 0003:00002180       __crtAssertBusy            00469180     LIBCMTD:dbgrpt.obj
 0003:00002184       __CrtDbgMode               00469184     LIBCMTD:dbgrpt.obj
 0003:00002190       __CrtDbgFile               00469190     LIBCMTD:dbgrpt.obj
 0003:000021a8       __XcptActTab               004691a8     LIBCMTD:winxfltr.obj
 0003:00002220       __First_FPE_Indx           00469220     LIBCMTD:winxfltr.obj
 0003:00002224       __Num_FPE                  00469224     LIBCMTD:winxfltr.obj
 0003:00002228       __XcptActTabSize           00469228     LIBCMTD:winxfltr.obj
 0003:0000222c       __XcptActTabCount          0046922c     LIBCMTD:winxfltr.obj
 0003:00002230       ___badioinfo               00469230     LIBCMTD:ioinit.obj
 0003:00002254       ___tlsindex                00469254     LIBCMTD:tidtable.obj
 0003:00002258       __amblksiz                 00469258     LIBCMTD:heapinit.obj
 0003:0000225c       __NLG_Destination          0046925c     LIBCMTD:exsup.obj
 0003:00002310       __cfltcvt_tab              00469310     LIBCMTD:cmiscdat.obj
 0003:00002328       __timezone                 00469328     LIBCMTD:timeset.obj
 0003:0000232c       __daylight                 0046932c     LIBCMTD:timeset.obj
 0003:00002330       __dstbias                  00469330     LIBCMTD:timeset.obj
 0003:000023b4       __tzname                   004693b4     LIBCMTD:timeset.obj
 0003:000023dc       __lpdays                   004693dc     LIBCMTD:days.obj
 0003:00002410       __days                     00469410     LIBCMTD:days.obj
 0003:00002444       __pfnAllocHook             00469444     LIBCMTD:dbghook.obj
 0003:00002448       ___sbh_threshold           00469448     LIBCMTD:sbheap.obj
 0003:0000244c       __pctype                   0046944c     LIBCMTD:ctype.obj
 0003:00002450       __pwctype                  00469450     LIBCMTD:ctype.obj
 0003:00002454       __ctype                    00469454     LIBCMTD:ctype.obj
 0003:00002658       ___mb_cur_max              00469658     LIBCMTD:nlsdata1.obj
 0003:0000265c       ___decimal_point           0046965c     LIBCMTD:nlsdata1.obj
 0003:00002660       ___decimal_point_length    00469660     LIBCMTD:nlsdata1.obj
 0003:00002a10       ___lc_category             00469a10     LIBCMTD:setlocal.obj
 0003:00002a60       ___rgLocInfo               00469a60     LIBCMTD:getqloc.obj
 0003:00002f04       ___rglangidNotDefault      00469f04     LIBCMTD:getqloc.obj
 0003:00002f18       ___rg_country              00469f18     LIBCMTD:getqloc.obj
 0003:00002fd0       ___rg_language             00469fd0     LIBCMTD:getqloc.obj
 0003:000031d8       ___lc_time_curr            0046a1d8     LIBCMTD:strftime.obj
 0003:000031e0       ___lc_time_c               0046a1e0     LIBCMTD:strftime.obj
 0003:00003290       ___lconv_static_decimal    0046a290     LIBCMTD:lconv.obj
 0003:00003298       ___lconv_c                 0046a298     LIBCMTD:lconv.obj
 0003:000032c8       ___lconv                   0046a2c8     LIBCMTD:lconv.obj
 0003:000032d0       __pow10pos                 0046a2d0     LIBCMTD:constpow.obj
 0003:00003430       __pow10neg                 0046a430     LIBCMTD:constpow.obj
 0003:00034e78       __umaskval                 0049be78     LIBCMTD:crt0dat.obj
 0003:00034e7c       __osver                    0049be7c     LIBCMTD:crt0dat.obj
 0003:00034e80       __winver                   0049be80     LIBCMTD:crt0dat.obj
 0003:00034e84       __winmajor                 0049be84     LIBCMTD:crt0dat.obj
 0003:00034e88       __winminor                 0049be88     LIBCMTD:crt0dat.obj
 0003:00034e8c       ___argc                    0049be8c     LIBCMTD:crt0dat.obj
 0003:00034e90       ___argv                    0049be90     LIBCMTD:crt0dat.obj
 0003:00034e94       ___wargv                   0049be94     LIBCMTD:crt0dat.obj
 0003:00034e98       __environ                  0049be98     LIBCMTD:crt0dat.obj
 0003:00034e9c       ___initenv                 0049be9c     LIBCMTD:crt0dat.obj
 0003:00034ea0       __wenviron                 0049bea0     LIBCMTD:crt0dat.obj
 0003:00034ea4       ___winitenv                0049bea4     LIBCMTD:crt0dat.obj
 0003:00034ea8       __pgmptr                   0049bea8     LIBCMTD:crt0dat.obj
 0003:00034eac       __wpgmptr                  0049beac     LIBCMTD:crt0dat.obj
 0003:00034eb0       __exitflag                 0049beb0     LIBCMTD:crt0dat.obj
 0003:00034eb4       __C_Termination_Done       0049beb4     LIBCMTD:crt0dat.obj
 0003:00034eb8       __C_Exit_Done              0049beb8     LIBCMTD:crt0dat.obj
 0003:00034ec0       __aenvptr                  0049bec0     LIBCMTD:crt0.obj
 0003:00034ec4       __wenvptr                  0049bec4     LIBCMTD:crt0.obj
 0003:00034ec8       ___error_mode              0049bec8     LIBCMTD:crt0.obj
 0003:00034ecc       ___fastflag                0049becc     LIBCMTD:fpinit.obj
 0003:00034ed0       __adjust_fdiv              0049bed0     LIBCMTD:fpinit.obj
 0003:00034f48       __cflush                   0049bf48     LIBCMTD:_file.obj
 0003:00034f4c       __stdbuf                   0049bf4c     LIBCMTD:_sftbuf.obj
 0003:00035060       __adbgmsg                  0049c060     LIBCMTD:crt0msg.obj
 0003:0003514c       __newmode                  0049c14c     LIBCMTD:_newmode.obj
 0003:00035150       ?_pnhHeap@@3P6AHI@ZA       0049c150     LIBCMTD:handler.obj
 0003:00035178       __commode                  0049c178     LIBCMTD:ncommode.obj
 0003:0003517c       ___lc_handle               0049c17c     LIBCMTD:nlsdata2.obj
 0003:00035194       ___lc_codepage             0049c194     LIBCMTD:nlsdata2.obj
 0003:00035198       ___lc_collate_cp           0049c198     LIBCMTD:nlsdata2.obj
 0003:000351b0       __fmode                    0049c1b0     LIBCMTD:txtmode.obj
 0003:000351b4       ___lc_time_intl            0049c1b4     LIBCMTD:inittime.obj
 0003:000351d0       ___lc_id                   0049c1d0     LIBCMTD:nlsdata3.obj
 0003:00035224       ___lconv_static_null       0049c224     LIBCMTD:lconv.obj
 0003:000352a0       _host_info                 0049c2a0     <common>
 0003:0003531c       _host_license_valid        0049c31c     <common>
 0003:00035320       _QUANTUM_SOE_PT_NUM_IN_MODULE 0049c320     <common>
 0003:0003532c       _GE9070_SOE_PT_NUM_IN_MODULE 0049c32c     <common>
 0003:0003532e       _SIEMENS_SOE_PT_NUM_IN_MODULE 0049c32e     <common>
 0003:00035330       _PREMIUM_SOE_PT_NUM_IN_MODULE 0049c330     <common>
 0003:00035332       _ABCONTROL_SOE_PT_NUM_IN_MODULE 0049c332     <common>
 0003:00035334       _GE9030_SOE_PT_NUM_IN_MODULE 0049c334     <common>
 0003:00035338       ___alternate_form          0049c338     <common>
 0003:00035348       ___no_lead_zeros           0049c348     <common>
 0003:0003534c       ___setlc_active            0049c34c     <common>
 0003:0003535c       ___unguarded_readlc_active 0049c35c     <common>
 0003:00035360       ___mbcodepage              0049c360     <common>
 0003:000353e0       ___mbulinfo                0049c3e0     <common>
 0003:000353ec       ___ismbcodepage            0049c3ec     <common>
 0003:00035400       __mbcasemap                0049c400     <common>
 0003:00035500       __mbctype                  0049c500     <common>
 0003:00035604       ___mblcid                  0049c604     <common>
 0003:00035608       ___sbh_sizeHeaderList      0049c608     <common>
 0003:00035618       ___sbh_indGroupDefer       0049c618     <common>
 0003:0003561c       ___sbh_pHeaderScan         0049c61c     <common>
 0003:00035620       ___sbh_pHeaderDefer        0049c620     <common>
 0003:00035624       ___sbh_cntHeaderList       0049c624     <common>
 0003:00035628       ___sbh_pHeaderList         0049c628     <common>
 0003:0003562c       __crtheap                  0049c62c     <common>
 0003:00035640       ___pioinfo                 0049c640     <common>
 0003:0003577c       __nhandle                  0049c77c     <common>
 0003:00035780       __pfnReportHook            0049c780     <common>
 0003:0003578c       ___piob                    0049c78c     <common>
 0003:00035ae0       __bufin                    0049cae0     <common>
 0003:00036ae0       __nstream                  0049dae0     <common>
 0003:00036ae4       __pfnDumpClient            0049dae4     <common>
 0003:00036af0       __acmdln                   0049daf0     <common>
 0003:00036afc       ___env_initialized         0049dafc     <common>
 0003:00036b10       ___mbctype_initialized     0049db10     <common>
 0003:00036b14       ___onexitend               0049db14     <common>
 0003:00036b18       ___onexitbegin             0049db18     <common>
 0004:00000000       __IMPORT_DESCRIPTOR_ADVAPI32 0049e000     advapi32:ADVAPI32.dll
 0004:00000014       __IMPORT_DESCRIPTOR_libxml2 0049e014     xml2:libxml2.dll
 0004:00000028       __IMPORT_DESCRIPTOR_KERNEL32 0049e028     kernel32:KERNEL32.dll
 0004:0000003c       __IMPORT_DESCRIPTOR_WSOCK32 0049e03c     wsock32:WSOCK32.dll
 0004:00000050       __NULL_IMPORT_DESCRIPTOR   0049e050     advapi32:ADVAPI32.dll
 0004:0000033c       __imp__RegQueryValueExA@24 0049e33c     advapi32:ADVAPI32.dll
 0004:00000340       __imp__RegEnumKeyExA@32    0049e340     advapi32:ADVAPI32.dll
 0004:00000344       __imp__RegOpenKeyExA@20    0049e344     advapi32:ADVAPI32.dll
 0004:00000348       __imp__RegCloseKey@4       0049e348     advapi32:ADVAPI32.dll
 0004:0000034c       \177ADVAPI32_NULL_THUNK_DATA 0049e34c     advapi32:ADVAPI32.dll
 0004:00000378       __imp__GetCurrentDirectoryA@8 0049e378     kernel32:KERNEL32.dll
 0004:0000037c       __imp__GetFullPathNameA@16 0049e37c     kernel32:KERNEL32.dll
 0004:00000380       __imp__FindFirstFileA@8    0049e380     kernel32:KERNEL32.dll
 0004:00000384       __imp__GetDriveTypeA@4     0049e384     kernel32:KERNEL32.dll
 0004:00000388       __imp__FileTimeToLocalFileTime@8 0049e388     kernel32:KERNEL32.dll
 0004:0000038c       __imp__FileTimeToSystemTime@8 0049e38c     kernel32:KERNEL32.dll
 0004:00000390       __imp__FindClose@4         0049e390     kernel32:KERNEL32.dll
 0004:00000394       __imp__CreateFileA@28      0049e394     kernel32:KERNEL32.dll
 0004:00000398       __imp__CreateFileMappingA@24 0049e398     kernel32:KERNEL32.dll
 0004:0000039c       __imp__MapViewOfFile@20    0049e39c     kernel32:KERNEL32.dll
 0004:000003a0       __imp__OpenFileMappingA@12 0049e3a0     kernel32:KERNEL32.dll
 0004:000003a4       __imp__CloseHandle@4       0049e3a4     kernel32:KERNEL32.dll
 0004:000003a8       __imp__GetFileSize@8       0049e3a8     kernel32:KERNEL32.dll
 0004:000003ac       __imp__UnmapViewOfFile@4   0049e3ac     kernel32:KERNEL32.dll
 0004:000003b0       __imp__Sleep@4             0049e3b0     kernel32:KERNEL32.dll
 0004:000003b4       __imp__VirtualLock@8       0049e3b4     kernel32:KERNEL32.dll
 0004:000003b8       __imp__GetLastError@0      0049e3b8     kernel32:KERNEL32.dll
 0004:000003bc       __imp__SetProcessWorkingSetSize@12 0049e3bc     kernel32:KERNEL32.dll
 0004:000003c0       __imp__GetCurrentProcess@0 0049e3c0     kernel32:KERNEL32.dll
 0004:000003c4       __imp__VirtualUnlock@8     0049e3c4     kernel32:KERNEL32.dll
 0004:000003c8       __imp__GetLocalTime@4      0049e3c8     kernel32:KERNEL32.dll
 0004:000003cc       __imp__DeviceIoControl@32  0049e3cc     kernel32:KERNEL32.dll
 0004:000003d0       __imp__FreeConsole@0       0049e3d0     kernel32:KERNEL32.dll
 0004:000003d4       __imp__ExitProcess@4       0049e3d4     kernel32:KERNEL32.dll
 0004:000003d8       __imp__TerminateProcess@8  0049e3d8     kernel32:KERNEL32.dll
 0004:000003dc       __imp__GetCommandLineA@0   0049e3dc     kernel32:KERNEL32.dll
 0004:000003e0       __imp__GetVersion@0        0049e3e0     kernel32:KERNEL32.dll
 0004:000003e4       __imp__IsBadWritePtr@8     0049e3e4     kernel32:KERNEL32.dll
 0004:000003e8       __imp__IsBadReadPtr@8      0049e3e8     kernel32:KERNEL32.dll
 0004:000003ec       __imp__HeapValidate@12     0049e3ec     kernel32:KERNEL32.dll
 0004:000003f0       __imp__InitializeCriticalSection@4 0049e3f0     kernel32:KERNEL32.dll
 0004:000003f4       __imp__DeleteCriticalSection@4 0049e3f4     kernel32:KERNEL32.dll
 0004:000003f8       __imp__EnterCriticalSection@4 0049e3f8     kernel32:KERNEL32.dll
 0004:000003fc       __imp__LeaveCriticalSection@4 0049e3fc     kernel32:KERNEL32.dll
 0004:00000400       __imp__FatalAppExitA@8     0049e400     kernel32:KERNEL32.dll
 0004:00000404       __imp__DebugBreak@0        0049e404     kernel32:KERNEL32.dll
 0004:00000408       __imp__GetStdHandle@4      0049e408     kernel32:KERNEL32.dll
 0004:0000040c       __imp__WriteFile@20        0049e40c     kernel32:KERNEL32.dll
 0004:00000410       __imp__InterlockedDecrement@4 0049e410     kernel32:KERNEL32.dll
 0004:00000414       __imp__OutputDebugStringA@4 0049e414     kernel32:KERNEL32.dll
 0004:00000418       __imp__GetProcAddress@8    0049e418     kernel32:KERNEL32.dll
 0004:0000041c       __imp__LoadLibraryA@4      0049e41c     kernel32:KERNEL32.dll
 0004:00000420       __imp__InterlockedIncrement@4 0049e420     kernel32:KERNEL32.dll
 0004:00000424       __imp__GetModuleFileNameA@12 0049e424     kernel32:KERNEL32.dll
 0004:00000428       __imp__UnhandledExceptionFilter@4 0049e428     kernel32:KERNEL32.dll
 0004:0000042c       __imp__FreeEnvironmentStringsA@4 0049e42c     kernel32:KERNEL32.dll
 0004:00000430       __imp__FreeEnvironmentStringsW@4 0049e430     kernel32:KERNEL32.dll
 0004:00000434       __imp__WideCharToMultiByte@32 0049e434     kernel32:KERNEL32.dll
 0004:00000438       __imp__GetEnvironmentStrings@0 0049e438     kernel32:KERNEL32.dll
 0004:0000043c       __imp__GetEnvironmentStringsW@0 0049e43c     kernel32:KERNEL32.dll
 0004:00000440       __imp__SetHandleCount@4    0049e440     kernel32:KERNEL32.dll
 0004:00000444       __imp__GetFileType@4       0049e444     kernel32:KERNEL32.dll
 0004:00000448       __imp__GetStartupInfoA@4   0049e448     kernel32:KERNEL32.dll
 0004:0000044c       __imp__GetCurrentThreadId@0 0049e44c     kernel32:KERNEL32.dll
 0004:00000450       __imp__TlsSetValue@8       0049e450     kernel32:KERNEL32.dll
 0004:00000454       __imp__TlsAlloc@0          0049e454     kernel32:KERNEL32.dll
 0004:00000458       __imp__TlsFree@4           0049e458     kernel32:KERNEL32.dll
 0004:0000045c       __imp__SetLastError@4      0049e45c     kernel32:KERNEL32.dll
 0004:00000460       __imp__TlsGetValue@4       0049e460     kernel32:KERNEL32.dll
 0004:00000464       __imp__GetCurrentThread@0  0049e464     kernel32:KERNEL32.dll
 0004:00000468       __imp__HeapDestroy@4       0049e468     kernel32:KERNEL32.dll
 0004:0000046c       __imp__HeapCreate@12       0049e46c     kernel32:KERNEL32.dll
 0004:00000470       __imp__HeapFree@12         0049e470     kernel32:KERNEL32.dll
 0004:00000474       __imp__VirtualFree@12      0049e474     kernel32:KERNEL32.dll
 0004:00000478       __imp__RtlUnwind@16        0049e478     kernel32:KERNEL32.dll
 0004:0000047c       __imp__GetModuleHandleA@4  0049e47c     kernel32:KERNEL32.dll
 0004:00000480       __imp__GetTimeZoneInformation@4 0049e480     kernel32:KERNEL32.dll
 0004:00000484       __imp__SetFilePointer@16   0049e484     kernel32:KERNEL32.dll
 0004:00000488       __imp__HeapAlloc@12        0049e488     kernel32:KERNEL32.dll
 0004:0000048c       __imp__HeapReAlloc@16      0049e48c     kernel32:KERNEL32.dll
 0004:00000490       __imp__VirtualAlloc@16     0049e490     kernel32:KERNEL32.dll
 0004:00000494       __imp__SetConsoleCtrlHandler@8 0049e494     kernel32:KERNEL32.dll
 0004:00000498       __imp__GetCPInfo@8         0049e498     kernel32:KERNEL32.dll
 0004:0000049c       __imp__GetACP@0            0049e49c     kernel32:KERNEL32.dll
 0004:000004a0       __imp__GetOEMCP@0          0049e4a0     kernel32:KERNEL32.dll
 0004:000004a4       __imp__SetStdHandle@8      0049e4a4     kernel32:KERNEL32.dll
 0004:000004a8       __imp__FlushFileBuffers@4  0049e4a8     kernel32:KERNEL32.dll
 0004:000004ac       __imp__MultiByteToWideChar@24 0049e4ac     kernel32:KERNEL32.dll
 0004:000004b0       __imp__ReadFile@20         0049e4b0     kernel32:KERNEL32.dll
 0004:000004b4       __imp__GetStringTypeA@20   0049e4b4     kernel32:KERNEL32.dll
 0004:000004b8       __imp__GetStringTypeW@16   0049e4b8     kernel32:KERNEL32.dll
 0004:000004bc       __imp__LCMapStringA@24     0049e4bc     kernel32:KERNEL32.dll
 0004:000004c0       __imp__LCMapStringW@24     0049e4c0     kernel32:KERNEL32.dll
 0004:000004c4       __imp__SetEndOfFile@4      0049e4c4     kernel32:KERNEL32.dll
 0004:000004c8       __imp__IsValidLocale@8     0049e4c8     kernel32:KERNEL32.dll
 0004:000004cc       __imp__IsValidCodePage@4   0049e4cc     kernel32:KERNEL32.dll
 0004:000004d0       __imp__GetLocaleInfoA@16   0049e4d0     kernel32:KERNEL32.dll
 0004:000004d4       __imp__EnumSystemLocalesA@8 0049e4d4     kernel32:KERNEL32.dll
 0004:000004d8       __imp__GetUserDefaultLCID@0 0049e4d8     kernel32:KERNEL32.dll
 0004:000004dc       __imp__GetVersionExA@4     0049e4dc     kernel32:KERNEL32.dll
 0004:000004e0       __imp__CompareStringA@24   0049e4e0     kernel32:KERNEL32.dll
 0004:000004e4       __imp__CompareStringW@24   0049e4e4     kernel32:KERNEL32.dll
 0004:000004e8       __imp__SetEnvironmentVariableA@8 0049e4e8     kernel32:KERNEL32.dll
 0004:000004ec       __imp__GetLocaleInfoW@16   0049e4ec     kernel32:KERNEL32.dll
 0004:000004f0       __imp__CreatePipe@16       0049e4f0     kernel32:KERNEL32.dll
 0004:000004f4       __imp__CreateProcessA@40   0049e4f4     kernel32:KERNEL32.dll
 0004:000004f8       __imp__ReleaseMutex@4      0049e4f8     kernel32:KERNEL32.dll
 0004:000004fc       __imp__ReleaseSemaphore@12 0049e4fc     kernel32:KERNEL32.dll
 0004:00000500       __imp__CreateSemaphoreA@16 0049e500     kernel32:KERNEL32.dll
 0004:00000504       __imp__CreateMutexA@12     0049e504     kernel32:KERNEL32.dll
 0004:00000508       __imp__OpenSemaphoreA@12   0049e508     kernel32:KERNEL32.dll
 0004:0000050c       __imp__OpenMutexA@12       0049e50c     kernel32:KERNEL32.dll
 0004:00000510       __imp__WaitForSingleObject@8 0049e510     kernel32:KERNEL32.dll
 0004:00000514       __imp__SetCurrentDirectoryA@4 0049e514     kernel32:KERNEL32.dll
 0004:00000518       \177KERNEL32_NULL_THUNK_DATA 0049e518     kernel32:KERNEL32.dll
 0004:00000594       __imp__WSAStartup@8        0049e594     wsock32:WSOCK32.dll
 0004:00000598       __imp__inet_addr@4         0049e598     wsock32:WSOCK32.dll
 0004:0000059c       __imp__gethostname@8       0049e59c     wsock32:WSOCK32.dll
 0004:000005a0       \177WSOCK32_NULL_THUNK_DATA 0049e5a0     wsock32:WSOCK32.dll
 0004:000005cc       __imp__xmlFreeDoc          0049e5cc     xml2:libxml2.dll
 0004:000005d0       __imp__xmlFree             0049e5d0     xml2:libxml2.dll
 0004:000005d4       __imp__xmlNodeGetContent   0049e5d4     xml2:libxml2.dll
 0004:000005d8       __imp__xmlStrcmp           0049e5d8     xml2:libxml2.dll
 0004:000005dc       __imp__xmlDocGetRootElement 0049e5dc     xml2:libxml2.dll
 0004:000005e0       __imp__xmlReadFile         0049e5e0     xml2:libxml2.dll
 0004:000005e4       \177libxml2_NULL_THUNK_DATA 0049e5e4     xml2:libxml2.dll

 entry point at        0001:0001c410

